Component: ARM Compiler 5.05 update 2 (build 169) Tool: armlink [4d0f33]

==============================================================================

Section Cross References

    queue.o(.text) refers to port.o(.text) for vPortEnterCritical
    queue.o(.text) refers to list.o(.text) for vListInitialise
    queue.o(.text) refers to tasks.o(.text) for xTaskRemoveFromEventList
    queue.o(.text) refers to heap_2.o(.text) for pvPortMalloc
    queue.o(.text) refers to memcpya.o(.text) for __aeabi_memcpy
    queue.o(.text) refers to port.o(.emb_text) for ulPortSetInterruptMask
    tasks.o(.text) refers to heap_2.o(.text) for pvPortMalloc
    tasks.o(.text) refers to list.o(.text) for vListInitialiseItem
    tasks.o(.text) refers to port.o(.text) for pxPortInitialiseStack
    tasks.o(.text) refers to tasks.o(.data) for .data
    tasks.o(.text) refers to tasks.o(.bss) for .bss
    tasks.o(.text) refers to port.o(.emb_text) for ulPortSetInterruptMask
    tasks.o(.text) refers to timers.o(.text) for xTimerCreateTimerTask
    timers.o(.text) refers to tasks.o(.text) for xTaskGetSchedulerState
    timers.o(.text) refers to queue.o(.text) for xQueueGenericSend
    timers.o(.text) refers to list.o(.text) for uxListRemove
    timers.o(.text) refers to port.o(.text) for vPortYield
    timers.o(.text) refers to heap_2.o(.text) for vPortFree
    timers.o(.text) refers to timers.o(.data) for .data
    timers.o(.text) refers to timers.o(.bss) for .bss
    port.o(.emb_text) refers to tasks.o(.text) for vTaskSwitchContext
    port.o(.emb_text) refers to tasks.o(.data) for pxCurrentTCB
    port.o(.text) refers to port.o(.emb_text) for ulPortSetInterruptMask
    port.o(.text) refers to tasks.o(.text) for xTaskIncrementTick
    port.o(.text) refers to port.o(.data) for .data
    heap_2.o(.text) refers to tasks.o(.text) for vTaskSuspendAll
    heap_2.o(.text) refers to heap_2.o(.data) for .data
    heap_2.o(.text) refers to heap_2.o(.bss) for .bss
    ames_led.o(.text) refers to malloc.o(i.malloc) for malloc
    ames_led.o(.text) refers to stm32f10x_rcc.o(.text) for RCC_APB2PeriphClockCmd
    ames_led.o(.text) refers to stm32f10x_gpio.o(.text) for GPIO_Init
    ames_led.o(.text) refers to malloc.o(i.free) for free
    ames_led.o(.text) refers to ames_led.o(.data) for .data
    ames_rcc72mhz.o(.text) refers to stm32f10x_rcc.o(.text) for RCC_DeInit
    ames_rcc72mhz.o(.text) refers to misc.o(.text) for SysTick_CLKSourceConfig
    ames_rcc72mhz.o(.text) refers to system_stm32f10x.o(.text) for SystemCoreClockUpdate
    ames_rcc72mhz.o(.text) refers to system_stm32f10x.o(.data) for SystemCoreClock
    ames_button.o(.text) refers to stm32f10x_rcc.o(.text) for RCC_APB2PeriphClockCmd
    ames_button.o(.text) refers to stm32f10x_gpio.o(.text) for GPIO_Init
    ames_button.o(.text) refers to stm32f10x_exti.o(.text) for EXTI_Init
    ames_button.o(.text) refers to misc.o(.text) for NVIC_Init
    ames_button.o(.text) refers to tasks.o(.text) for vTaskDelay
    ames_pwm.o(.text) refers to malloc.o(i.malloc) for malloc
    ames_pwm.o(.text) refers to stm32f10x_rcc.o(.text) for RCC_APB1PeriphClockCmd
    ames_pwm.o(.text) refers to stm32f10x_gpio.o(.text) for GPIO_Init
    ames_pwm.o(.text) refers to stm32f10x_tim.o(.text) for TIM_TimeBaseInit
    ames_pwm.o(.text) refers to ames_pwm.o(.data) for .data
    ames_pwm.o(.text) refers to system_stm32f10x.o(.data) for SystemCoreClock
    ames_acs712.o(.text) refers to stm32f10x_rcc.o(.text) for RCC_AHBPeriphClockCmd
    ames_acs712.o(.text) refers to stm32f10x_dma.o(.text) for DMA_DeInit
    ames_acs712.o(.text) refers to stm32f10x_gpio.o(.text) for GPIO_Init
    ames_acs712.o(.text) refers to stm32f10x_adc.o(.text) for ADC_Init
    ames_acs712.o(.text) refers to dfltui.o(.text) for __aeabi_ui2d
    ames_acs712.o(.text) refers to dmul.o(.text) for __aeabi_dmul
    ames_acs712.o(.text) refers to dscalb.o(.text) for __ARM_scalbn
    ames_acs712.o(.text) refers to dadd.o(.text) for __aeabi_dsub
    ames_acs712.o(.text) refers to ddiv.o(.text) for __aeabi_ddiv
    ames_acs712.o(.text) refers to ames_acs712.o(.data) for .data
    ames_usart.o(.text) refers to stm32f10x_rcc.o(.text) for RCC_APB2PeriphClockCmd
    ames_usart.o(.text) refers to stm32f10x_gpio.o(.text) for GPIO_Init
    ames_usart.o(.text) refers to stm32f10x_usart.o(.text) for USART_Init
    ames_usart.o(.text) refers to misc.o(.text) for NVIC_PriorityGroupConfig
    ames_usart.o(.text) refers to calloc.o(.text) for calloc
    ames_usart.o(.text) refers to malloc.o(i.malloc) for malloc
    ames_usart.o(.text) refers to malloc.o(i.free) for free
    ames_usart.o(.text) refers to strlen.o(.text) for strlen
    ames_usart.o(.text) refers to ames_usart.o(.data) for .data
    system_stm32f10x.o(.text) refers to system_stm32f10x.o(.data) for .data
    startup_stm32f10x_cl.o(RESET) refers to startup_stm32f10x_cl.o(STACK) for __initial_sp
    startup_stm32f10x_cl.o(RESET) refers to startup_stm32f10x_cl.o(.text) for Reset_Handler
[...]
    printfa.o(i._printf_core) refers to printfa.o(i._fp_digits) for _fp_digits
    printfa.o(i._printf_core) refers to uidiv.o(.text) for __aeabi_uidivmod
    printfa.o(i._printf_post_padding) refers (Special) to iusefp.o(.text) for __I$use$fp
    printfa.o(i._printf_pre_padding) refers (Special) to iusefp.o(.text) for __I$use$fp
    printfa.o(i._snputc) refers (Special) to iusefp.o(.text) for __I$use$fp
    printfa.o(i._sputc) refers (Special) to iusefp.o(.text) for __I$use$fp
    malloc.o(i.free) refers to mvars.o(.data) for __microlib_freelist
    malloc.o(i.malloc) refers to mvars.o(.data) for __microlib_freelist_initialised
    malloc.o(i.malloc) refers to mvars.o(.data) for __microlib_freelist
    malloc.o(i.malloc) refers to startup_stm32f10x_cl.o(HEAP) for __heap_base
    mallocr.o(i.__free$realloc) refers to mvars.o(.data) for __microlib_freelist
    mallocr.o(i.__malloc$realloc) refers to mallocr.o(i.internal_alloc) for internal_alloc
    mallocr.o(i.__malloc$realloc) refers to mvars.o(.data) for __microlib_freelist_initialised
    mallocr.o(i.__malloc$realloc) refers to startup_stm32f10x_cl.o(HEAP) for __heap_base
    mallocr.o(i.__malloc$realloc) refers to mvars.o(.data) for __microlib_freelist
    mallocr.o(i.internal_alloc) refers to memcpya.o(.text) for __aeabi_memcpy
    mallocr.o(i.internal_alloc) refers to mvars.o(.data) for __microlib_freelist
    mallocr.o(i.realloc) refers to mallocr.o(i.__free$realloc) for __free$realloc
    mallocr.o(i.realloc) refers to mallocr.o(i.internal_alloc) for internal_alloc
    mallocr.o(i.realloc) refers to mallocr.o(i.__malloc$realloc) for __malloc$realloc
    mallocr.o(i.realloc) refers to mvars.o(.data) for __microlib_freelist
    malloca.o(i.__aligned_malloc) refers to mvars.o(.data) for __microlib_freelist_initialised
    malloca.o(i.__aligned_malloc) refers to mvars.o(.data) for __microlib_freelist
    malloca.o(i.__aligned_malloc) refers to startup_stm32f10x_cl.o(HEAP) for __heap_base
    malloca.o(i.__free$memalign) refers to mvars.o(.data) for __microlib_freelist
    malloca.o(i.__malloc$memalign) refers to malloca.o(i.__aligned_malloc) for __aligned_malloc
    mallocra.o(i.__aligned_malloc$realloc) refers to mallocra.o(i.internal_alloc) for internal_alloc
    mallocra.o(i.__aligned_malloc$realloc) refers to mvars.o(.data) for __microlib_freelist_initialised
    mallocra.o(i.__aligned_malloc$realloc) refers to startup_stm32f10x_cl.o(HEAP) for __heap_base
    mallocra.o(i.__aligned_malloc$realloc) refers to mvars.o(.data) for __microlib_freelist
    mallocra.o(i.__free$realloc$memalign) refers to mvars.o(.data) for __microlib_freelist
    mallocra.o(i.__malloc$realloc$memalign) refers to mallocra.o(i.__aligned_malloc$realloc) for __aligned_malloc$realloc
    mallocra.o(i.__realloc$memalign) refers to mallocra.o(i.__free$realloc$memalign) for __free$realloc$memalign
    mallocra.o(i.__realloc$memalign) refers to mallocra.o(i.internal_alloc) for internal_alloc
    mallocra.o(i.__realloc$memalign) refers to mallocra.o(i.__malloc$realloc$memalign) for __malloc$realloc$memalign
    mallocra.o(i.__realloc$memalign) refers to mvars.o(.data) for __microlib_freelist
    mallocra.o(i.internal_alloc) refers to memcpya.o(.text) for __aeabi_memcpy
    mallocra.o(i.internal_alloc) refers to mvars.o(.data) for __microlib_freelist
    calloc.o(.text) refers to malloc.o(i.malloc) for malloc
    dadd.o(.text) refers (Special) to iusefp.o(.text) for __I$use$fp
    dadd.o(.text) refers to llshl.o(.text) for __aeabi_llsl
    dadd.o(.text) refers to llsshr.o(.text) for __aeabi_lasr
    dadd.o(.text) refers to depilogue.o(.text) for _double_epilogue
    dmul.o(.text) refers (Special) to iusefp.o(.text) for __I$use$fp
    dmul.o(.text) refers to depilogue.o(.text) for _double_epilogue
    ddiv.o(.text) refers (Special) to iusefp.o(.text) for __I$use$fp
    ddiv.o(.text) refers to depilogue.o(.text) for _double_round
    dscalb.o(.text) refers (Special) to iusefp.o(.text) for __I$use$fp
    dflti.o(.text) refers (Special) to iusefp.o(.text) for __I$use$fp
    dflti.o(.text) refers to depilogue.o(.text) for _double_epilogue
    dfltui.o(.text) refers (Special) to iusefp.o(.text) for __I$use$fp
    dfltui.o(.text) refers to depilogue.o(.text) for _double_epilogue
    dfixui.o(.text) refers (Special) to iusefp.o(.text) for __I$use$fp
    dfixui.o(.text) refers to llushr.o(.text) for __aeabi_llsr
    entry2.o(.ARM.Collect$$$$00000001) refers to entry2.o(.ARM.Collect$$$$00002712) for __lit__00000000
    entry2.o(.ARM.Collect$$$$00002712) refers to startup_stm32f10x_cl.o(STACK) for __initial_sp
    entry2.o(__vectab_stack_and_reset_area) refers to startup_stm32f10x_cl.o(STACK) for __initial_sp
    entry2.o(__vectab_stack_and_reset_area) refers to entry.o(.ARM.Collect$$$$00000000) for __main
    entry5.o(.ARM.Collect$$$$00000004) refers to init.o(.text) for __scatterload
    entry9a.o(.ARM.Collect$$$$0000000B) refers to main.o(.text) for main
    entry9b.o(.ARM.Collect$$$$0000000C) refers to main.o(.text) for main
    uldiv.o(.text) refers to llushr.o(.text) for __aeabi_llsr
    uldiv.o(.text) refers to llshl.o(.text) for __aeabi_llsl
    depilogue.o(.text) refers to llshl.o(.text) for __aeabi_llsl
    depilogue.o(.text) refers to llushr.o(.text) for __aeabi_llsr
    dfixul.o(.text) refers to llushr.o(.text) for __aeabi_llsr
    dfixul.o(.text) refers to llshl.o(.text) for __aeabi_llsl
    init.o(.text) refers to entry5.o(.ARM.Collect$$$$00000004) for __main_after_scatterload


==============================================================================

Removing Unused input sections from the image.

    Removing ames_acs712.o(.constdata), (4 bytes).
    Removing ames_acs712.o(.constdata), (4 bytes).
    Removing ames_acs712.o(.constdata), (4 bytes).
    Removing core_cm3.o(.emb_text), (32 bytes).
    Removing main.o(.data), (4 bytes).

5 unused section(s) (total 48 bytes) removed from the image.

==============================================================================

Image Symbol Table

    Local Symbols

    Symbol Name                              Value     Ov Type        Size  Object(Section)

    ../clib/microlib/division.c              0x00000000   Number         0  uldiv.o ABSOLUTE
    ../clib/microlib/division.c              0x00000000   Number         0  uidiv.o ABSOLUTE
    ../clib/microlib/init/entry.s            0x00000000   Number         0  entry7b.o ABSOLUTE
    ../clib/microlib/init/entry.s            0x00000000   Number         0  entry8b.o ABSOLUTE
    ../clib/microlib/init/entry.s            0x00000000   Number         0  entry8a.o ABSOLUTE
    ../clib/microlib/init/entry.s            0x00000000   Number         0  entry11b.o ABSOLUTE
    ../clib/microlib/init/entry.s            0x00000000   Number         0  entry11a.o ABSOLUTE
    ../clib/microlib/init/entry.s            0x00000000   Number         0  entry10b.o ABSOLUTE
    ../clib/microlib/init/entry.s            0x00000000   Number         0  entry10a.o ABSOLUTE
    ../clib/microlib/init/entry.s            0x00000000   Number         0  entry9b.o ABSOLUTE
    ../clib/microlib/init/entry.s            0x00000000   Number         0  entry7a.o ABSOLUTE
    ../clib/microlib/init/entry.s            0x00000000   Number         0  entry9a.o ABSOLUTE
    ../clib/microlib/init/entry.s            0x00000000   Number         0  entry5.o ABSOLUTE
    ../clib/microlib/init/entry.s            0x00000000   Number         0  entry.o ABSOLUTE
    ../clib/microlib/init/entry.s            0x00000000   Number         0  entry2.o ABSOLUTE
    ../clib/microlib/longlong.c              0x00000000   Number         0  llshl.o ABSOLUTE
    ../clib/microlib/longlong.c              0x00000000   Number         0  llushr.o ABSOLUTE
    ../clib/microlib/longlong.c              0x00000000   Number         0  llsshr.o ABSOLUTE
    ../clib/microlib/malloc/calloc.c         0x00000000   Number         0  calloc.o ABSOLUTE
    ../clib/microlib/malloc/malloc.c         0x00000000   Number         0  malloc.o ABSOLUTE
    ../clib/microlib/malloc/malloc.c         0x00000000   Number         0  mallocr.o ABSOLUTE
    ../clib/microlib/malloc/malloc.c         0x00000000   Number         0  mallocra.o ABSOLUTE
    ../clib/microlib/malloc/malloc.c         0x00000000   Number         0  malloca.o ABSOLUTE
    ../clib/microlib/malloc/mvars.c          0x00000000   Number         0  mvars.o ABSOLUTE
    ../clib/microlib/printf/printf.c         0x00000000   Number         0  printf4.o ABSOLUTE
    ../clib/microlib/printf/printf.c         0x00000000   Number         0  printf5.o ABSOLUTE
    ../clib/microlib/printf/printf.c         0x00000000   Number         0  printf6.o ABSOLUTE
    ../clib/microlib/printf/printf.c         0x00000000   Number         0  printf8.o ABSOLUTE
    ../clib/microlib/printf/printf.c         0x00000000   Number         0  printfa.o ABSOLUTE
    ../clib/microlib/printf/printf.c         0x00000000   Number         0  printf0.o ABSOLUTE
    ../clib/microlib/printf/printf.c         0x00000000   Number         0  printfb.o ABSOLUTE
    ../clib/microlib/printf/printf.c         0x00000000   Number         0  printf1.o ABSOLUTE
    ../clib/microlib/printf/printf.c         0x00000000   Number         0  printf2.o ABSOLUTE
    ../clib/microlib/printf/printf.c         0x00000000   Number         0  printf3.o ABSOLUTE
    ../clib/microlib/printf/printf.c         0x00000000   Number         0  printf7.o ABSOLUTE
    ../clib/microlib/printf/stubs.s          0x00000000   Number         0  stubs.o ABSOLUTE
    ../clib/microlib/stdio/streams.c         0x00000000   Number         0  stdout.o ABSOLUTE
    ../clib/microlib/string/memcpy.c         0x00000000   Number         0  memcpya.o ABSOLUTE
    ../clib/microlib/string/memcpy.c         0x00000000   Number         0  memcpyb.o ABSOLUTE
    ../clib/microlib/string/strlen.c         0x00000000   Number         0  strlen.o ABSOLUTE
    ../clib/microlib/stubs.s                 0x00000000   Number         0  iusefp.o ABSOLUTE
    ../fplib/microlib/fpadd.c                0x00000000   Number         0  dadd.o ABSOLUTE
    ../fplib/microlib/fpdiv.c                0x00000000   Number         0  ddiv.o ABSOLUTE
    ../fplib/microlib/fpepilogue.c           0x00000000   Number         0  depilogue.o ABSOLUTE
    ../fplib/microlib/fpfix.c                0x00000000   Number         0  dfixui.o ABSOLUTE
    ../fplib/microlib/fpfix.c                0x00000000   Number         0  dfixul.o ABSOLUTE
    ../fplib/microlib/fpflt.c                0x00000000   Number         0  dflti.o ABSOLUTE
    ../fplib/microlib/fpflt.c                0x00000000   Number         0  dfltui.o ABSOLUTE
    ../fplib/microlib/fpmul.c                0x00000000   Number         0  dmul.o ABSOLUTE
    ../fplib/microlib/fpscalb.c              0x00000000   Number         0  dscalb.o ABSOLUTE
    ..\System\BoardSupport\AMES_ACS712.c     0x00000000   Number         0  ames_acs712.o ABSOLUTE
    ..\System\BoardSupport\AMES_BUTTON.c     0x00000000   Number         0  ames_button.o ABSOLUTE
    ..\System\BoardSupport\AMES_LED.c        0x00000000   Number         0  ames_led.o ABSOLUTE
    ..\System\BoardSupport\AMES_PWM.c        0x00000000   Number         0  ames_pwm.o ABSOLUTE
    ..\System\BoardSupport\AMES_USART.c      0x00000000   Number         0  ames_usart.o ABSOLUTE
    ..\System\FreeRTOS\list.c                0x00000000   Number         0  list.o ABSOLUTE
    ..\System\FreeRTOS\portable\MemMang\heap_2.c 0x00000000   Number         0  heap_2.o ABSOLUTE
    ..\System\FreeRTOS\portable\RVDS\ARM_CM3\port.c 0x00000000   Number         0  port.o ABSOLUTE
    ..\System\FreeRTOS\queue.c               0x00000000   Number         0  queue.o ABSOLUTE
    ..\System\FreeRTOS\tasks.c               0x00000000   Number         0  tasks.o ABSOLUTE
    ..\System\FreeRTOS\timers.c              0x00000000   Number         0  timers.o ABSOLUTE
    ..\System\Libraries\CMSIS\CM3\CoreSupport\core_cm3.c 0x00000000   Number         0  core_cm3.o ABSOLUTE
    ..\System\Libraries\CMSIS\CM3\DeviceSupport\ST\STM32F10x\startup\arm\startup_stm32f10x_cl.s 0x00000000   Number         0  startup_stm32f10x_cl.o ABSOLUTE
    ..\System\Libraries\CMSIS\CM3\DeviceSupport\ST\STM32F10x\system_stm32f10x.c 0x00000000   Number         0  system_stm32f10x.o ABSOLUTE
    ..\System\Libraries\STM32F10x_StdPeriph_Driver\src\misc.c 0x00000000   Number         0  misc.o ABSOLUTE
    ..\System\Libraries\STM32F10x_StdPeriph_Driver\src\stm32f10x_adc.c 0x00000000   Number         0  stm32f10x_adc.o ABSOLUTE
    ..\System\Libraries\STM32F10x_StdPeriph_Driver\src\stm32f10x_dma.c 0x00000000   Number         0  stm32f10x_dma.o ABSOLUTE
    ..\System\Libraries\STM32F10x_StdPeriph_Driver\src\stm32f10x_exti.c 0x00000000   Number         0  stm32f10x_exti.o ABSOLUTE
    ..\System\Libraries\STM32F10x_StdPeriph_Driver\src\stm32f10x_gpio.c 0x00000000   Number         0  stm32f10x_gpio.o ABSOLUTE
    ..\System\Libraries\STM32F10x_StdPeriph_Driver\src\stm32f10x_rcc.c 0x00000000   Number         0  stm32f10x_rcc.o ABSOLUTE
    ..\System\Libraries\STM32F10x_StdPeriph_Driver\src\stm32f10x_tim.c 0x00000000   Number         0  stm32f10x_tim.o ABSOLUTE
    ..\System\Libraries\STM32F10x_StdPeriph_Driver\src\stm32f10x_usart.c 0x00000000   Number         0  stm32f10x_usart.o ABSOLUTE
    ..\\System\\FreeRTOS\\portable\\RVDS\\ARM_CM3\\port.c 0x00000000   Number         0  port.o ABSOLUTE
    ..\\System\\Libraries\\CMSIS\\CM3\\CoreSupport\\core_cm3.c 0x00000000   Number         0  core_cm3.o ABSOLUTE
    BoardSupport\AMES_RCC72MHZ.c             0x00000000   Number         0  ames_rcc72mhz.o ABSOLUTE
    Users\main.c                             0x00000000   Number         0  main.o ABSOLUTE
    cdrcmple.s                               0x00000000   Number         0  cdrcmple.o ABSOLUTE
    dc.s                                     0x00000000   Number         0  dc.o ABSOLUTE
    handlers.s                               0x00000000   Number         0  handlers.o ABSOLUTE
    init.s                                   0x00000000   Number         0  init.o ABSOLUTE
    RESET                                    0x08000000   Section      336  startup_stm32f10x_cl.o(RESET)
    .ARM.Collect$$$$00000000                 0x08000150   Section        0  entry.o(.ARM.Collect$$$$00000000)
    .ARM.Collect$$$$00000001                 0x08000150   Section        4  entry2.o(.ARM.Collect$$$$00000001)
    .ARM.Collect$$$$00000004                 0x08000154   Section        4  entry5.o(.ARM.Collect$$$$00000004)
    .ARM.Collect$$$$00000008                 0x08000158   Section        0  entry7b.o(.ARM.Collect$$$$00000008)
    .ARM.Collect$$$$0000000A                 0x08000158   Section        0  entry8b.o(.ARM.Collect$$$$0000000A)
    .ARM.Collect$$$$0000000B                 0x08000158   Section        8  entry9a.o(.ARM.Collect$$$$0000000B)
    .ARM.Collect$$$$0000000D                 0x08000160   Section        0  entry10a.o(.ARM.Collect$$$$0000000D)
    .ARM.Collect$$$$0000000F                 0x08000160   Section        0  entry11a.o(.ARM.Collect$$$$0000000F)
    .ARM.Collect$$$$00002712                 0x08000160   Section        4  entry2.o(.ARM.Collect$$$$00002712)
    __lit__00000000                          0x08000160   Data           4  entry2.o(.ARM.Collect$$$$00002712)
    .emb_text                                0x08000164   Section      162  port.o(.emb_text)
    .text                                    0x08000208   Section        0  list.o(.text)
    .text                                    0x0800029a   Section        0  queue.o(.text)
    prvUnlockQueue                           0x08000a71   Thumb Code   108  queue.o(.text)
    .text                                    0x08000adc   Section        0  tasks.o(.text)
    prvIdleTask                              0x08001277   Thumb Code    92  tasks.o(.text)
    prvAddCurrentTaskToDelayedList           0x08001849   Thumb Code    48  tasks.o(.text)
    .text                                    0x08001884   Section        0  timers.o(.text)
    prvTimerTask                             0x080018e3   Thumb Code   570  timers.o(.text)
    prvSampleTimeNow                         0x08001c27   Thumb Code   190  timers.o(.text)
    .text                                    0x08001ce4   Section        0  port.o(.text)
    prvTaskExitError                         0x08001ce5   Thumb Code     6  port.o(.text)
    .text                                    0x08001db0   Section        0  heap_2.o(.text)
    .text                                    0x08001eb8   Section        0  ames_led.o(.text)
    .text                                    0x08002000   Section        0  ames_rcc72mhz.o(.text)
    .text                                    0x080020ac   Section        0  ames_button.o(.text)
    .text                                    0x08002218   Section        0  ames_pwm.o(.text)
    .text                                    0x080023dc   Section        0  ames_acs712.o(.text)
    .text                                    0x080026cc   Section        0  ames_usart.o(.text)
    .text                                    0x080029e8   Section        0  system_stm32f10x.o(.text)
    .text                                    0x08002ba0   Section       36  startup_stm32f10x_cl.o(.text)
    .text                                    0x08002bc4   Section        0  misc.o(.text)
    .text                                    0x08002c88   Section        0  stm32f10x_gpio.o(.text)
    .text                                    0x08002f30   Section        0  stm32f10x_rcc.o(.text)
    .text                                    0x080032b8   Section        0  stm32f10x_exti.o(.text)
    .text                                    0x080033b8   Section        0  stm32f10x_tim.o(.text)
    TI2_Config                               0x080040f9   Thumb Code   124  stm32f10x_tim.o(.text)
    .text                                    0x08004180   Section        0  stm32f10x_adc.o(.text)
    .text                                    0x080044fc   Section        0  stm32f10x_dma.o(.text)
    .text                                    0x080046f0   Section        0  stm32f10x_usart.o(.text)
    .text                                    0x08004a48   Section        0  main.o(.text)
    .text                                    0x08004cf4   Section        0  memcpya.o(.text)
    .text                                    0x08004d18   Section        0  strlen.o(.text)
    .text                                    0x08004d26   Section        0  calloc.o(.text)
    .text                                    0x08004d42   Section        0  dadd.o(.text)
    .text                                    0x08004e90   Section        0  dmul.o(.text)
    .text                                    0x08004f74   Section        0  ddiv.o(.text)
    .text                                    0x08005052   Section        0  dscalb.o(.text)
    .text                                    0x08005080   Section        0  dflti.o(.text)
    .text                                    0x080050a2   Section        0  dfltui.o(.text)
    .text                                    0x080050bc   Section        0  dfixui.o(.text)
    .text                                    0x080050ee   Section        0  uidiv.o(.text)
    .text                                    0x0800511a   Section        0  uldiv.o(.text)
    .text                                    0x0800517c   Section        0  llshl.o(.text)
    .text                                    0x0800519a   Section        0  llushr.o(.text)
    .text                                    0x080051ba   Section        0  llsshr.o(.text)
    .text                                    0x080051de   Section        0  iusefp.o(.text)
    .text                                    0x080051de   Section        0  depilogue.o(.text)
    .text                                    0x08005298   Section        0  dfixul.o(.text)
    .text                                    0x080052c8   Section       48  cdrcmple.o(.text)
    .text                                    0x080052f8   Section       36  init.o(.text)
    i.__0printf                              0x0800531c   Section        0  printfa.o(i.__0printf)
    i.__scatterload_copy                     0x0800533c   Section       14  handlers.o(i.__scatterload_copy)
    i.__scatterload_null                     0x0800534a   Section        2  handlers.o(i.__scatterload_null)
    i.__scatterload_zeroinit                 0x0800534c   Section       14  handlers.o(i.__scatterload_zeroinit)
    i._fp_digits                             0x0800535c   Section        0  printfa.o(i._fp_digits)
    _fp_digits                               0x0800535d   Thumb Code   334  printfa.o(i._fp_digits)
    i._printf_core                           0x080054c0   Section        0  printfa.o(i._printf_core)
    _printf_core                             0x080054c1   Thumb Code  1744  printfa.o(i._printf_core)
    i._printf_post_padding                   0x08005b9c   Section        0  printfa.o(i._printf_post_padding)
    _printf_post_padding                     0x08005b9d   Thumb Code    36  printfa.o(i._printf_post_padding)
    i._printf_pre_padding                    0x08005bc0   Section        0  printfa.o(i._printf_pre_padding)
    _printf_pre_padding                      0x08005bc1   Thumb Code    46  printfa.o(i._printf_pre_padding)
    i.free                                   0x08005bf0   Section        0  malloc.o(i.free)
    i.malloc                                 0x08005c40   Section        0  malloc.o(i.malloc)
    .data                                    0x20000000   Section       56  tasks.o(.data)
    uxTasksDeleted                           0x20000004   Data           4  tasks.o(.data)
    uxCurrentNumberOfTasks                   0x20000008   Data           4  tasks.o(.data)
    xTickCount                               0x2000000c   Data           4  tasks.o(.data)
    uxTopReadyPriority                       0x20000010   Data           4  tasks.o(.data)
    xSchedulerRunning                        0x20000014   Data           4  tasks.o(.data)
    uxPendedTicks                            0x20000018   Data           4  tasks.o(.data)
    xYieldPending                            0x2000001c   Data           4  tasks.o(.data)
    xNumOfOverflows                          0x20000020   Data           4  tasks.o(.data)
    uxTaskNumber                             0x20000024   Data           4  tasks.o(.data)
    xNextTaskUnblockTime                     0x20000028   Data           4  tasks.o(.data)
    uxSchedulerSuspended                     0x2000002c   Data           4  tasks.o(.data)
    pxDelayedTaskList                        0x20000030   Data           4  tasks.o(.data)
    pxOverflowDelayedTaskList                0x20000034   Data           4  tasks.o(.data)
    .data                                    0x20000038   Section       20  timers.o(.data)
    xTimerQueue                              0x20000038   Data           4  timers.o(.data)
    xTimerTaskHandle                         0x2000003c   Data           4  timers.o(.data)
    xLastTime                                0x20000040   Data           4  timers.o(.data)
    pxCurrentTimerList                       0x20000044   Data           4  timers.o(.data)
    pxOverflowTimerList                      0x20000048   Data           4  timers.o(.data)
    .data                                    0x2000004c   Section        4  port.o(.data)
    uxCriticalNesting                        0x2000004c   Data           4  port.o(.data)
    .data                                    0x20000050   Section       24  heap_2.o(.data)
    xFreeBytesRemaining                      0x20000050   Data           4  heap_2.o(.data)
    xHeapHasBeenInitialised                  0x20000054   Data           4  heap_2.o(.data)
    xStart                                   0x20000058   Data           8  heap_2.o(.data)
    xEnd                                     0x20000060   Data           8  heap_2.o(.data)
    .data                                    0x20000068   Section        4  ames_led.o(.data)
    .data                                    0x2000006c   Section        8  ames_pwm.o(.data)
    .data                                    0x20000078   Section       24  ames_acs712.o(.data)
    Voltage                                  0x20000078   Data           8  ames_acs712.o(.data)
    Amps                                     0x20000080   Data           8  ames_acs712.o(.data)
    .data                                    0x20000090   Section       16  ames_usart.o(.data)
    ReturnValue                              0x20000090   Data           4  ames_usart.o(.data)
    .data                                    0x200000a0   Section       20  system_stm32f10x.o(.data)
    .data                                    0x200000b4   Section       20  stm32f10x_rcc.o(.data)
    ADCPrescTable                            0x200000b4   Data           4  stm32f10x_rcc.o(.data)
    APBAHBPrescTable                         0x200000b8   Data          16  stm32f10x_rcc.o(.data)
    .data                                    0x200000c8   Section       12  main.o(.data)
    xHigherPriorityTaskWoken                 0x200000c8   Data           4  main.o(.data)
    .data                                    0x200000d4   Section        4  stdout.o(.data)
    .data                                    0x200000d8   Section        4  mvars.o(.data)
    .data                                    0x200000dc   Section        4  mvars.o(.data)
    .bss                                     0x200000e0   Section      200  tasks.o(.bss)
    pxReadyTasksLists                        0x200000e0   Data         100  tasks.o(.bss)
    xDelayedTaskList1                        0x20000144   Data          20  tasks.o(.bss)
    xDelayedTaskList2                        0x20000158   Data          20  tasks.o(.bss)
    xPendingReadyList                        0x2000016c   Data          20  tasks.o(.bss)
    xTasksWaitingTermination                 0x20000180   Data          20  tasks.o(.bss)
    xSuspendedTaskList                       0x20000194   Data          20  tasks.o(.bss)
    .bss                                     0x200001a8   Section       40  timers.o(.bss)
    xActiveTimerList1                        0x200001a8   Data          20  timers.o(.bss)
    xActiveTimerList2                        0x200001bc   Data          20  timers.o(.bss)
    .bss                                     0x200001d0   Section    20480  heap_2.o(.bss)
    ucHeap                                   0x200001d0   Data       20480  heap_2.o(.bss)
    HEAP                                     0x200051d0   Section      512  startup_stm32f10x_cl.o(HEAP)
    STACK                                    0x200053d0   Section     1024  startup_stm32f10x_cl.o(STACK)

    Global Symbols

    Symbol Name                              Value     Ov Type        Size  Object(Section)

    BuildAttributes$$THM_ISAv4$P$D$K$B$S$PE$A:L22UL41UL21$X:L11$S22US41US21$IEEE1$IW$USESV6$~STKCKD$USESV7$~SHL$OTIME$ROPI$EBA8$MICROLIB$REQ8$PRES8$EABIv2 0x00000000   Number         0  anon$$obj.o ABSOLUTE
    __ARM_use_no_argv                        0x00000000   Number         0  main.o ABSOLUTE
    _printf_a                                0x00000000   Number         0  stubs.o ABSOLUTE
    _printf_c                                0x00000000   Number         0  stubs.o ABSOLUTE
    _printf_charcount                        0x00000000   Number         0  stubs.o ABSOLUTE
    _printf_d                                0x00000000   Number         0  stubs.o ABSOLUTE
    _printf_e                                0x00000000   Number         0  stubs.o ABSOLUTE
    _printf_f                                0x00000000   Number         0  stubs.o ABSOLUTE
    _printf_flags                            0x00000000   Number         0  stubs.o ABSOLUTE
    _printf_fp_dec                           0x00000000   Number         0  stubs.o ABSOLUTE
    _printf_fp_hex                           0x00000000   Number         0  stubs.o ABSOLUTE
    _printf_g                                0x00000000   Number         0  stubs.o ABSOLUTE
    _printf_i                                0x00000000   Number         0  stubs.o ABSOLUTE
    _printf_int_dec                          0x00000000   Number         0  stubs.o ABSOLUTE
    _printf_l                                0x00000000   Number         0  stubs.o ABSOLUTE
    _printf_lc                               0x00000000   Number         0  stubs.o ABSOLUTE
    _printf_ll                               0x00000000   Number         0  stubs.o ABSOLUTE
    _printf_lld                              0x00000000   Number         0  stubs.o ABSOLUTE
    _printf_lli                              0x00000000   Number         0  stubs.o ABSOLUTE
    _printf_llo                              0x00000000   Number         0  stubs.o ABSOLUTE
    _printf_llu                              0x00000000   Number         0  stubs.o ABSOLUTE
    _printf_llx                              0x00000000   Number         0  stubs.o ABSOLUTE
    _printf_longlong_dec                     0x00000000   Number         0  stubs.o ABSOLUTE
    _printf_longlong_hex                     0x00000000   Number         0  stubs.o ABSOLUTE
    _printf_longlong_oct                     0x00000000   Number         0  stubs.o ABSOLUTE
    _printf_ls                               0x00000000   Number         0  stubs.o ABSOLUTE
    _printf_mbtowc                           0x00000000   Number         0  stubs.o ABSOLUTE
    _printf_n                                0x00000000   Number         0  stubs.o ABSOLUTE
    _printf_o                                0x00000000   Number         0  stubs.o ABSOLUTE
    _printf_p                                0x00000000   Number         0  stubs.o ABSOLUTE
    _printf_percent                          0x00000000   Number         0  stubs.o ABSOLUTE
    _printf_pre_padding                      0x00000000   Number         0  stubs.o ABSOLUTE
    _printf_return_value                     0x00000000   Number         0  stubs.o ABSOLUTE
    _printf_s                                0x00000000   Number         0  stubs.o ABSOLUTE
    _printf_sizespec                         0x00000000   Number         0  stubs.o ABSOLUTE
    _printf_str                              0x00000000   Number         0  stubs.o ABSOLUTE
    _printf_truncate_signed                  0x00000000   Number         0  stubs.o ABSOLUTE
    _printf_truncate_unsigned                0x00000000   Number         0  stubs.o ABSOLUTE
    _printf_u                                0x00000000   Number         0  stubs.o ABSOLUTE
    _printf_wc                               0x00000000   Number         0  stubs.o ABSOLUTE
    _printf_wctomb                           0x00000000   Number         0  stubs.o ABSOLUTE
    _printf_widthprec                        0x00000000   Number         0  stubs.o ABSOLUTE
    _printf_x                                0x00000000   Number         0  stubs.o ABSOLUTE
    __cpp_initialize__aeabi_                  - Undefined Weak Reference
    __cxa_finalize                            - Undefined Weak Reference
    __decompress                              - Undefined Weak Reference
    _clock_init                               - Undefined Weak Reference
    _microlib_exit                            - Undefined Weak Reference
    __Vectors_Size                           0x00000150   Number         0  startup_stm32f10x_cl.o ABSOLUTE
    __Vectors                                0x08000000   Data           4  startup_stm32f10x_cl.o(RESET)
    __Vectors_End                            0x08000150   Data           0  startup_stm32f10x_cl.o(RESET)
    __main                                   0x08000151   Thumb Code     0  entry.o(.ARM.Collect$$$$00000000)
    _main_stk                                0x08000151   Thumb Code     0  entry2.o(.ARM.Collect$$$$00000001)
    _main_scatterload                        0x08000155   Thumb Code     0  entry5.o(.ARM.Collect$$$$00000004)
    __main_after_scatterload                 0x08000159   Thumb Code     0  entry5.o(.ARM.Collect$$$$00000004)
    _main_clock                              0x08000159   Thumb Code     0  entry7b.o(.ARM.Collect$$$$00000008)
    _main_cpp_init                           0x08000159   Thumb Code     0  entry8b.o(.ARM.Collect$$$$0000000A)
    _main_init                               0x08000159   Thumb Code     0  entry9a.o(.ARM.Collect$$$$0000000B)
    __rt_final_cpp                           0x08000161   Thumb Code     0  entry10a.o(.ARM.Collect$$$$0000000D)
    __rt_final_exit                          0x08000161   Thumb Code     0  entry11a.o(.ARM.Collect$$$$0000000F)
    SVC_Handler                              0x08000165   Thumb Code    32  port.o(.emb_text)
    __asm___6_port_c_39a90d8d__prvStartFirstTask 0x08000189   Thumb Code    28  port.o(.emb_text)
    PendSV_Handler                           0x080001a9   Thumb Code    64  port.o(.emb_text)
    ulPortSetInterruptMask                   0x080001ed   Thumb Code    14  port.o(.emb_text)
    vPortClearInterruptMask                  0x080001fb   Thumb Code     6  port.o(.emb_text)
    vPortGetIPSR                             0x08000201   Thumb Code     6  port.o(.emb_text)
    vListInitialise                          0x08000209   Thumb Code    22  list.o(.text)
    vListInitialiseItem                      0x0800021f   Thumb Code     6  list.o(.text)
    vListInsertEnd                           0x08000225   Thumb Code    24  list.o(.text)
    vListInsert                              0x0800023d   Thumb Code    58  list.o(.text)
    uxListRemove                             0x08000277   Thumb Code    36  list.o(.text)
    xQueueGenericReset                       0x0800029b   Thumb Code    96  queue.o(.text)
    xQueueGenericCreate                      0x080002fb   Thumb Code   110  queue.o(.text)
    xQueueCreateCountingSemaphore            0x08000369   Thumb Code   104  queue.o(.text)
    xQueueGenericSend                        0x080003d1   Thumb Code   580  queue.o(.text)
    xQueueGenericSendFromISR                 0x08000615   Thumb Code   174  queue.o(.text)
    xQueueGiveFromISR                        0x080006c3   Thumb Code    82  queue.o(.text)
    xQueueGenericReceive                     0x08000715   Thumb Code   542  queue.o(.text)
    xQueueReceiveFromISR                     0x08000933   Thumb Code   114  queue.o(.text)
    xQueuePeekFromISR                        0x080009a5   Thumb Code    68  queue.o(.text)
    uxQueueMessagesWaiting                   0x080009e9   Thumb Code    18  queue.o(.text)
    uxQueueSpacesAvailable                   0x080009fb   Thumb Code    22  queue.o(.text)
    uxQueueMessagesWaitingFromISR            0x08000a11   Thumb Code     4  queue.o(.text)
    vQueueDelete                             0x08000a15   Thumb Code     4  queue.o(.text)
    xQueueIsQueueEmptyFromISR                0x08000a19   Thumb Code    12  queue.o(.text)
    xQueueIsQueueFullFromISR                 0x08000a25   Thumb Code    14  queue.o(.text)
    vQueueWaitForMessageRestricted           0x08000a33   Thumb Code    62  queue.o(.text)
    xTaskGenericCreate                       0x08000add   Thumb Code   328  tasks.o(.text)
    vTaskDelete                              0x08000c25   Thumb Code   148  tasks.o(.text)
    xTaskIncrementTick                       0x08000cb9   Thumb Code   206  tasks.o(.text)
    xTaskResumeAll                           0x08000d87   Thumb Code   360  tasks.o(.text)
    vTaskSuspendAll                          0x08000eef   Thumb Code    10  tasks.o(.text)
    vTaskDelayUntil                          0x08000ef9   Thumb Code   128  tasks.o(.text)
    vTaskDelay                               0x08000f79   Thumb Code    70  tasks.o(.text)
    uxTaskPriorityGet                        0x08000fbf   Thumb Code    26  tasks.o(.text)
    uxTaskPriorityGetFromISR                 0x08000fd9   Thumb Code    26  tasks.o(.text)
    vTaskPrioritySet                         0x08000ff3   Thumb Code   160  tasks.o(.text)
    vTaskSwitchContext                       0x08001093   Thumb Code    62  tasks.o(.text)
    vTaskSuspend                             0x080010d1   Thumb Code   218  tasks.o(.text)
    vTaskResume                              0x080011ab   Thumb Code    96  tasks.o(.text)
    xTaskResumeFromISR                       0x0800120b   Thumb Code   108  tasks.o(.text)
    vTaskStartScheduler                      0x080012d3   Thumb Code    68  tasks.o(.text)
    vTaskEndScheduler                        0x08001317   Thumb Code    20  tasks.o(.text)
    xTaskGetTickCount                        0x0800132b   Thumb Code     6  tasks.o(.text)
    xTaskGetTickCountFromISR                 0x08001331   Thumb Code     6  tasks.o(.text)
    uxTaskGetNumberOfTasks                   0x08001337   Thumb Code     6  tasks.o(.text)
    vTaskPlaceOnEventList                    0x0800133d   Thumb Code   110  tasks.o(.text)
    vTaskPlaceOnUnorderedEventList           0x080013ab   Thumb Code    84  tasks.o(.text)
    vTaskPlaceOnEventListRestricted          0x080013ff   Thumb Code    56  tasks.o(.text)
    xTaskRemoveFromEventList                 0x08001437   Thumb Code    88  tasks.o(.text)
    xTaskRemoveFromUnorderedEventList        0x0800148f   Thumb Code    70  tasks.o(.text)
    vTaskSetTimeOutState                     0x080014d5   Thumb Code    12  tasks.o(.text)
    xTaskCheckForTimeOut                     0x080014e1   Thumb Code    76  tasks.o(.text)
    vTaskMissedYield                         0x0800152d   Thumb Code     8  tasks.o(.text)
    xTaskGetSchedulerState                   0x08001535   Thumb Code    24  tasks.o(.text)
    uxTaskResetEventItemValue                0x0800154d   Thumb Code    20  tasks.o(.text)
    ulTaskNotifyTake                         0x08001561   Thumb Code   138  tasks.o(.text)
    xTaskNotifyWait                          0x080015eb   Thumb Code   168  tasks.o(.text)
    xTaskGenericNotify                       0x08001693   Thumb Code   140  tasks.o(.text)
    xTaskNotifyFromISR                       0x0800171f   Thumb Code   178  tasks.o(.text)
    vTaskNotifyGiveFromISR                   0x080017d1   Thumb Code   120  tasks.o(.text)
    xTimerGenericCommand                     0x08001885   Thumb Code    94  timers.o(.text)
    xTimerCreateTimerTask                    0x08001b1d   Thumb Code    90  timers.o(.text)
    xTimerCreate                             0x08001b77   Thumb Code   102  timers.o(.text)
    xTimerGetTimerDaemonTaskHandle           0x08001bdd   Thumb Code     6  timers.o(.text)
    pcTimerGetTimerName                      0x08001be3   Thumb Code     4  timers.o(.text)
    xTimerIsTimerActive                      0x08001be7   Thumb Code    26  timers.o(.text)
    pvTimerGetTimerID                        0x08001c01   Thumb Code    18  timers.o(.text)
    vTimerSetTimerID                         0x08001c13   Thumb Code    20  timers.o(.text)
    pxPortInitialiseStack                    0x08001ceb   Thumb Code    26  port.o(.text)
    vPortSetupTimerInterrupt                 0x08001d05   Thumb Code    14  port.o(.text)
    xPortStartScheduler                      0x08001d13   Thumb Code    46  port.o(.text)
    vPortEndScheduler                        0x08001d41   Thumb Code     2  port.o(.text)
    vPortYield                               0x08001d43   Thumb Code    18  port.o(.text)
    vPortEnterCritical                       0x08001d55   Thumb Code    24  port.o(.text)
    vPortExitCritical                        0x08001d6d   Thumb Code    18  port.o(.text)
    SysTick_Handler                          0x08001d7f   Thumb Code    30  port.o(.text)
    pvPortMalloc                             0x08001db1   Thumb Code   190  heap_2.o(.text)
    vPortFree                                0x08001e6f   Thumb Code    54  heap_2.o(.text)
    xPortGetFreeHeapSize                     0x08001ea5   Thumb Code     6  heap_2.o(.text)
    vPortInitialiseBlocks                    0x08001eab   Thumb Code     2  heap_2.o(.text)
    TSVN_Led_Init                            0x08001eb9   Thumb Code    82  ames_led.o(.text)
    TSVN_Led_On                              0x08001f0b   Thumb Code    50  ames_led.o(.text)
    TSVN_Led_Off                             0x08001f3d   Thumb Code    50  ames_led.o(.text)
    TSVN_Led_Toggle                          0x08001f6f   Thumb Code   130  ames_led.o(.text)
    TSVN_Led_Deinit                          0x08001ff1   Thumb Code     8  ames_led.o(.text)
    TSVN_FOSC72MHZ_Init                      0x08002001   Thumb Code   164  ames_rcc72mhz.o(.text)
    TSVN_BUT_Init                            0x080020ad   Thumb Code   216  ames_button.o(.text)
    TSVN_BUT_Read                            0x08002185   Thumb Code    38  ames_button.o(.text)
    TSVN_BUT_Read2                           0x080021ab   Thumb Code   102  ames_button.o(.text)
    TSVN_PWM_TIM5_Init                       0x08002219   Thumb Code   308  ames_pwm.o(.text)
    TSVN_PWM_TIM5_Set_Duty                   0x0800234d   Thumb Code   112  ames_pwm.o(.text)
    TSVN_PWM_TIM5_Start                      0x080023bd   Thumb Code     8  ames_pwm.o(.text)
    TSVN_PWM_TIM5_Stop                       0x080023c5   Thumb Code     8  ames_pwm.o(.text)
    __DMA_Init                               0x080023dd   Thumb Code    80  ames_acs712.o(.text)
    TSVN_ACS712_Init                         0x0800242d   Thumb Code   308  ames_acs712.o(.text)
    TSVN_ACS712_Read_ADC                     0x08002561   Thumb Code    46  ames_acs712.o(.text)
    TSVN_ACS712_Read                         0x0800258f   Thumb Code   274  ames_acs712.o(.text)
    TSVN_USART_Init                          0x080026cd   Thumb Code   246  ames_usart.o(.text)
    TSVN_USART_Deinit                        0x080027c3   Thumb Code    34  ames_usart.o(.text)
    TSVN_USART_Create_Frame                  0x080027e5   Thumb Code    84  ames_usart.o(.text)
    TSVN_USART_Get_Frame                     0x08002839   Thumb Code    16  ames_usart.o(.text)
    TSVN_Find                                0x08002849   Thumb Code    62  ames_usart.o(.text)
    TSVN_Get_Parameters                      0x08002887   Thumb Code   298  ames_usart.o(.text)
    fputc                                    0x080029b1   Thumb Code    30  ames_usart.o(.text)
    SystemInit                               0x080029e9   Thumb Code   268  system_stm32f10x.o(.text)
    SystemCoreClockUpdate                    0x08002af5   Thumb Code   134  system_stm32f10x.o(.text)
    Reset_Handler                            0x08002ba1   Thumb Code     8  startup_stm32f10x_cl.o(.text)
    NMI_Handler                              0x08002ba9   Thumb Code     2  startup_stm32f10x_cl.o(.text)
    HardFault_Handler                        0x08002bab   Thumb Code     2  startup_stm32f10x_cl.o(.text)
    MemManage_Handler                        0x08002bad   Thumb Code     2  startup_stm32f10x_cl.o(.text)
    BusFault_Handler                         0x08002baf   Thumb Code     2  startup_stm32f10x_cl.o(.text)
    UsageFault_Handler                       0x08002bb1   Thumb Code     2  startup_stm32f10x_cl.o(.text)
    DebugMon_Handler                         0x08002bb5   Thumb Code     2  startup_stm32f10x_cl.o(.text)
    ADC1_2_IRQHandler                        0x08002bbb   Thumb Code     0  startup_stm32f10x_cl.o(.text)
    CAN1_RX0_IRQHandler                      0x08002bbb   Thumb Code     0  startup_stm32f10x_cl.o(.text)
    CAN1_RX1_IRQHandler                      0x08002bbb   Thumb Code     0  startup_stm32f10x_cl.o(.text)
    CAN1_SCE_IRQHandler                      0x08002bbb   Thumb Code     0  startup_stm32f10x_cl.o(.text)
    CAN1_TX_IRQHandler                       0x08002bbb   Thumb Code     0  startup_stm32f10x_cl.o(.text)
    CAN2_RX0_IRQHandler                      0x08002bbb   Thumb Code     0  startup_stm32f10x_cl.o(.text)
    CAN2_RX1_IRQHandler                      0x08002bbb   Thumb Code     0  startup_stm32f10x_cl.o(.text)
    CAN2_SCE_IRQHandler                      0x08002bbb   Thumb Code     0  startup_stm32f10x_cl.o(.text)
    CAN2_TX_IRQHandler                       0x08002bbb   Thumb Code     0  startup_stm32f10x_cl.o(.text)
    DMA1_Channel1_IRQHandler                 0x08002bbb   Thumb Code     0  startup_stm32f10x_cl.o(.text)
    DMA1_Channel2_IRQHandler                 0x08002bbb   Thumb Code     0  startup_stm32f10x_cl.o(.text)
    DMA1_Channel3_IRQHandler                 0x08002bbb   Thumb Code     0  startup_stm32f10x_cl.o(.text)
    DMA1_Channel4_IRQHandler                 0x08002bbb   Thumb Code     0  startup_stm32f10x_cl.o(.text)
    DMA1_Channel5_IRQHandler                 0x08002bbb   Thumb Code     0  startup_stm32f10x_cl.o(.text)
    DMA1_Channel6_IRQHandler                 0x08002bbb   Thumb Code     0  startup_stm32f10x_cl.o(.text)
    DMA1_Channel7_IRQHandler                 0x08002bbb   Thumb Code     0  startup_stm32f10x_cl.o(.text)
    DMA2_Channel1_IRQHandler                 0x08002bbb   Thumb Code     0  startup_stm32f10x_cl.o(.text)
    DMA2_Channel2_IRQHandler                 0x08002bbb   Thumb Code     0  startup_stm32f10x_cl.o(.text)
    DMA2_Channel3_IRQHandler                 0x08002bbb   Thumb Code     0  startup_stm32f10x_cl.o(.text)
    DMA2_Channel4_IRQHandler                 0x08002bbb   Thumb Code     0  startup_stm32f10x_cl.o(.text)
    DMA2_Channel5_IRQHandler                 0x08002bbb   Thumb Code     0  startup_stm32f10x_cl.o(.text)
    ETH_IRQHandler                           0x08002bbb   Thumb Code     0  startup_stm32f10x_cl.o(.text)
    ETH_WKUP_IRQHandler                      0x08002bbb   Thumb Code     0  startup_stm32f10x_cl.o(.text)
    EXTI0_IRQHandler                         0x08002bbb   Thumb Code     0  startup_stm32f10x_cl.o(.text)
    EXTI15_10_IRQHandler                     0x08002bbb   Thumb Code     0  startup_stm32f10x_cl.o(.text)
    EXTI1_IRQHandler                         0x08002bbb   Thumb Code     0  startup_stm32f10x_cl.o(.text)
    EXTI2_IRQHandler                         0x08002bbb   Thumb Code     0  startup_stm32f10x_cl.o(.text)
    EXTI3_IRQHandler                         0x08002bbb   Thumb Code     0  startup_stm32f10x_cl.o(.text)
    EXTI4_IRQHandler                         0x08002bbb   Thumb Code     0  startup_stm32f10x_cl.o(.text)
    EXTI9_5_IRQHandler                       0x08002bbb   Thumb Code     0  startup_stm32f10x_cl.o(.text)
    FLASH_IRQHandler                         0x08002bbb   Thumb Code     0  startup_stm32f10x_cl.o(.text)
    I2C1_ER_IRQHandler                       0x08002bbb   Thumb Code     0  startup_stm32f10x_cl.o(.text)
    I2C1_EV_IRQHandler                       0x08002bbb   Thumb Code     0  startup_stm32f10x_cl.o(.text)
    I2C2_ER_IRQHandler                       0x08002bbb   Thumb Code     0  startup_stm32f10x_cl.o(.text)
    I2C2_EV_IRQHandler                       0x08002bbb   Thumb Code     0  startup_stm32f10x_cl.o(.text)
    OTG_FS_IRQHandler                        0x08002bbb   Thumb Code     0  startup_stm32f10x_cl.o(.text)
    OTG_FS_WKUP_IRQHandler                   0x08002bbb   Thumb Code     0  startup_stm32f10x_cl.o(.text)
    PVD_IRQHandler                           0x08002bbb   Thumb Code     0  startup_stm32f10x_cl.o(.text)
    RCC_IRQHandler                           0x08002bbb   Thumb Code     0  startup_stm32f10x_cl.o(.text)
    RTCAlarm_IRQHandler                      0x08002bbb   Thumb Code     0  startup_stm32f10x_cl.o(.text)
    RTC_IRQHandler                           0x08002bbb   Thumb Code     0  startup_stm32f10x_cl.o(.text)
    SPI1_IRQHandler                          0x08002bbb   Thumb Code     0  startup_stm32f10x_cl.o(.text)
    SPI2_IRQHandler                          0x08002bbb   Thumb Code     0  startup_stm32f10x_cl.o(.text)
    SPI3_IRQHandler                          0x08002bbb   Thumb Code     0  startup_stm32f10x_cl.o(.text)
    TAMPER_IRQHandler                        0x08002bbb   Thumb Code     0  startup_stm32f10x_cl.o(.text)
    TIM1_BRK_IRQHandler                      0x08002bbb   Thumb Code     0  startup_stm32f10x_cl.o(.text)
    TIM1_CC_IRQHandler                       0x08002bbb   Thumb Code     0  startup_stm32f10x_cl.o(.text)
    TIM1_TRG_COM_IRQHandler                  0x08002bbb   Thumb Code     0  startup_stm32f10x_cl.o(.text)
    TIM1_UP_IRQHandler                       0x08002bbb   Thumb Code     0  startup_stm32f10x_cl.o(.text)
    TIM2_IRQHandler                          0x08002bbb   Thumb Code     0  startup_stm32f10x_cl.o(.text)
    TIM3_IRQHandler                          0x08002bbb   Thumb Code     0  startup_stm32f10x_cl.o(.text)
    TIM4_IRQHandler                          0x08002bbb   Thumb Code     0  startup_stm32f10x_cl.o(.text)
    TIM5_IRQHandler                          0x08002bbb   Thumb Code     0  startup_stm32f10x_cl.o(.text)
    TIM6_IRQHandler                          0x08002bbb   Thumb Code     0  startup_stm32f10x_cl.o(.text)
    TIM7_IRQHandler                          0x08002bbb   Thumb Code     0  startup_stm32f10x_cl.o(.text)
    UART4_IRQHandler                         0x08002bbb   Thumb Code     0  startup_stm32f10x_cl.o(.text)
    UART5_IRQHandler                         0x08002bbb   Thumb Code     0  startup_stm32f10x_cl.o(.text)
    USART2_IRQHandler                        0x08002bbb   Thumb Code     0  startup_stm32f10x_cl.o(.text)
    USART3_IRQHandler                        0x08002bbb   Thumb Code     0  startup_stm32f10x_cl.o(.text)
    WWDG_IRQHandler                          0x08002bbb   Thumb Code     0  startup_stm32f10x_cl.o(.text)
    NVIC_PriorityGroupConfig                 0x08002bc5   Thumb Code    14  misc.o(.text)
    NVIC_Init                                0x08002bd3   Thumb Code   112  misc.o(.text)
    NVIC_SetVectorTable                      0x08002c43   Thumb Code    16  misc.o(.text)
    NVIC_SystemLPConfig                      0x08002c53   Thumb Code    18  misc.o(.text)
    SysTick_CLKSourceConfig                  0x08002c65   Thumb Code    22  misc.o(.text)
    GPIO_DeInit                              0x08002c89   Thumb Code   192  stm32f10x_gpio.o(.text)
    GPIO_AFIODeInit                          0x08002d49   Thumb Code    22  stm32f10x_gpio.o(.text)
    GPIO_Init                                0x08002d5f   Thumb Code   186  stm32f10x_gpio.o(.text)
    GPIO_StructInit                          0x08002e19   Thumb Code    16  stm32f10x_gpio.o(.text)
    GPIO_ReadInputDataBit                    0x08002e29   Thumb Code    14  stm32f10x_gpio.o(.text)
    GPIO_ReadInputData                       0x08002e37   Thumb Code     6  stm32f10x_gpio.o(.text)
    GPIO_ReadOutputDataBit                   0x08002e3d   Thumb Code    14  stm32f10x_gpio.o(.text)
    GPIO_ReadOutputData                      0x08002e4b   Thumb Code     6  stm32f10x_gpio.o(.text)
    GPIO_SetBits                             0x08002e51   Thumb Code     4  stm32f10x_gpio.o(.text)
    GPIO_ResetBits                           0x08002e55   Thumb Code     4  stm32f10x_gpio.o(.text)
    GPIO_WriteBit                            0x08002e59   Thumb Code    10  stm32f10x_gpio.o(.text)
    GPIO_Write                               0x08002e63   Thumb Code     4  stm32f10x_gpio.o(.text)
    GPIO_PinLockConfig                       0x08002e67   Thumb Code    16  stm32f10x_gpio.o(.text)
    GPIO_EventOutputConfig                   0x08002e77   Thumb Code    22  stm32f10x_gpio.o(.text)
    GPIO_EventOutputCmd                      0x08002e8d   Thumb Code     6  stm32f10x_gpio.o(.text)
    GPIO_PinRemapConfig                      0x08002e93   Thumb Code   102  stm32f10x_gpio.o(.text)
    GPIO_EXTILineConfig                      0x08002ef9   Thumb Code    40  stm32f10x_gpio.o(.text)
    GPIO_ETH_MediaInterfaceConfig            0x08002f21   Thumb Code     8  stm32f10x_gpio.o(.text)
    RCC_DeInit                               0x08002f31   Thumb Code    66  stm32f10x_rcc.o(.text)
    RCC_HSEConfig                            0x08002f73   Thumb Code    50  stm32f10x_rcc.o(.text)
    RCC_GetFlagStatus                        0x08002fa5   Thumb Code    42  stm32f10x_rcc.o(.text)
    RCC_WaitForHSEStartUp                    0x08002fcf   Thumb Code    50  stm32f10x_rcc.o(.text)
    RCC_AdjustHSICalibrationValue            0x08003001   Thumb Code    16  stm32f10x_rcc.o(.text)
    RCC_HSICmd                               0x08003011   Thumb Code     6  stm32f10x_rcc.o(.text)
    RCC_PLLConfig                            0x08003017   Thumb Code    16  stm32f10x_rcc.o(.text)
    RCC_PLLCmd                               0x08003027   Thumb Code     6  stm32f10x_rcc.o(.text)
    RCC_PREDIV1Config                        0x0800302d   Thumb Code    20  stm32f10x_rcc.o(.text)
    RCC_PREDIV2Config                        0x08003041   Thumb Code    14  stm32f10x_rcc.o(.text)
    RCC_PLL2Config                           0x0800304f   Thumb Code    14  stm32f10x_rcc.o(.text)
    RCC_PLL2Cmd                              0x0800305d   Thumb Code     6  stm32f10x_rcc.o(.text)
    RCC_PLL3Config                           0x08003063   Thumb Code    14  stm32f10x_rcc.o(.text)
    RCC_PLL3Cmd                              0x08003071   Thumb Code     6  stm32f10x_rcc.o(.text)
    RCC_SYSCLKConfig                         0x08003077   Thumb Code    14  stm32f10x_rcc.o(.text)
    RCC_GetSYSCLKSource                      0x08003085   Thumb Code    10  stm32f10x_rcc.o(.text)
    RCC_HCLKConfig                           0x0800308f   Thumb Code    14  stm32f10x_rcc.o(.text)
    RCC_PCLK1Config                          0x0800309d   Thumb Code    14  stm32f10x_rcc.o(.text)
    RCC_PCLK2Config                          0x080030ab   Thumb Code    16  stm32f10x_rcc.o(.text)
    RCC_ITConfig                             0x080030bb   Thumb Code    18  stm32f10x_rcc.o(.text)
    RCC_OTGFSCLKConfig                       0x080030cd   Thumb Code     8  stm32f10x_rcc.o(.text)
    RCC_ADCCLKConfig                         0x080030d5   Thumb Code    14  stm32f10x_rcc.o(.text)
    RCC_I2S2CLKConfig                        0x080030e3   Thumb Code     6  stm32f10x_rcc.o(.text)
    RCC_I2S3CLKConfig                        0x080030e9   Thumb Code     6  stm32f10x_rcc.o(.text)
    RCC_LSEConfig                            0x080030ef   Thumb Code    30  stm32f10x_rcc.o(.text)
    RCC_LSICmd                               0x0800310d   Thumb Code     6  stm32f10x_rcc.o(.text)
    RCC_RTCCLKConfig                         0x08003113   Thumb Code    10  stm32f10x_rcc.o(.text)
    RCC_RTCCLKCmd                            0x0800311d   Thumb Code     6  stm32f10x_rcc.o(.text)
    RCC_GetClocksFreq                        0x08003123   Thumb Code   196  stm32f10x_rcc.o(.text)
    RCC_AHBPeriphClockCmd                    0x080031e7   Thumb Code    18  stm32f10x_rcc.o(.text)
    RCC_APB2PeriphClockCmd                   0x080031f9   Thumb Code    18  stm32f10x_rcc.o(.text)
    RCC_APB1PeriphClockCmd                   0x0800320b   Thumb Code    18  stm32f10x_rcc.o(.text)
    RCC_AHBPeriphResetCmd                    0x0800321d   Thumb Code    18  stm32f10x_rcc.o(.text)
    RCC_APB2PeriphResetCmd                   0x0800322f   Thumb Code    18  stm32f10x_rcc.o(.text)
    RCC_APB1PeriphResetCmd                   0x08003241   Thumb Code    18  stm32f10x_rcc.o(.text)
    RCC_BackupResetCmd                       0x08003253   Thumb Code     6  stm32f10x_rcc.o(.text)
    RCC_ClockSecuritySystemCmd               0x08003259   Thumb Code     6  stm32f10x_rcc.o(.text)
    RCC_MCOConfig                            0x0800325f   Thumb Code     6  stm32f10x_rcc.o(.text)
    RCC_ClearFlag                            0x08003265   Thumb Code    12  stm32f10x_rcc.o(.text)
    RCC_GetITStatus                          0x08003271   Thumb Code    16  stm32f10x_rcc.o(.text)
    RCC_ClearITPendingBit                    0x08003281   Thumb Code     6  stm32f10x_rcc.o(.text)
    EXTI_DeInit                              0x080032b9   Thumb Code    26  stm32f10x_exti.o(.text)
    EXTI_Init                                0x080032d3   Thumb Code   134  stm32f10x_exti.o(.text)
    EXTI_StructInit                          0x08003359   Thumb Code    14  stm32f10x_exti.o(.text)
    EXTI_GenerateSWInterrupt                 0x08003367   Thumb Code    10  stm32f10x_exti.o(.text)
    EXTI_GetFlagStatus                       0x08003371   Thumb Code    16  stm32f10x_exti.o(.text)
    EXTI_ClearFlag                           0x08003381   Thumb Code     6  stm32f10x_exti.o(.text)
    EXTI_GetITStatus                         0x08003387   Thumb Code    24  stm32f10x_exti.o(.text)
    EXTI_ClearITPendingBit                   0x0800339f   Thumb Code     6  stm32f10x_exti.o(.text)
    TIM_DeInit                               0x080033b9   Thumb Code   482  stm32f10x_tim.o(.text)
    TIM_TimeBaseInit                         0x0800359b   Thumb Code   148  stm32f10x_tim.o(.text)
    TIM_OC1Init                              0x0800362f   Thumb Code   132  stm32f10x_tim.o(.text)
    TIM_OC2Init                              0x080036b3   Thumb Code   138  stm32f10x_tim.o(.text)
    TIM_OC3Init                              0x0800373d   Thumb Code   140  stm32f10x_tim.o(.text)
    TIM_OC4Init                              0x080037c9   Thumb Code   104  stm32f10x_tim.o(.text)
    TIM_SetIC4Prescaler                      0x08003831   Thumb Code    24  stm32f10x_tim.o(.text)
    TIM_SetIC3Prescaler                      0x08003849   Thumb Code    16  stm32f10x_tim.o(.text)
    TIM_SetIC2Prescaler                      0x08003859   Thumb Code    24  stm32f10x_tim.o(.text)
    TIM_SetIC1Prescaler                      0x08003871   Thumb Code    16  stm32f10x_tim.o(.text)
    TIM_ICInit                               0x08003881   Thumb Code   428  stm32f10x_tim.o(.text)
    TIM_PWMIConfig                           0x08003a2d   Thumb Code   332  stm32f10x_tim.o(.text)
    TIM_BDTRConfig                           0x08003b79   Thumb Code    36  stm32f10x_tim.o(.text)
    TIM_TimeBaseStructInit                   0x08003b9d   Thumb Code    18  stm32f10x_tim.o(.text)
    TIM_OCStructInit                         0x08003baf   Thumb Code    20  stm32f10x_tim.o(.text)
    TIM_ICStructInit                         0x08003bc3   Thumb Code    16  stm32f10x_tim.o(.text)
    TIM_BDTRStructInit                       0x08003bd3   Thumb Code    18  stm32f10x_tim.o(.text)
    TIM_Cmd                                  0x08003be5   Thumb Code    18  stm32f10x_tim.o(.text)
    TIM_CtrlPWMOutputs                       0x08003bf7   Thumb Code    22  stm32f10x_tim.o(.text)
    TIM_ITConfig                             0x08003c0d   Thumb Code    16  stm32f10x_tim.o(.text)
    TIM_GenerateEvent                        0x08003c1d   Thumb Code     4  stm32f10x_tim.o(.text)
    TIM_DMAConfig                            0x08003c21   Thumb Code     8  stm32f10x_tim.o(.text)
    TIM_DMACmd                               0x08003c29   Thumb Code    16  stm32f10x_tim.o(.text)
    TIM_InternalClockConfig                  0x08003c39   Thumb Code    10  stm32f10x_tim.o(.text)
    TIM_SelectInputTrigger                   0x08003c43   Thumb Code    12  stm32f10x_tim.o(.text)
    TIM_ITRxExternalClockConfig              0x08003c4f   Thumb Code    20  stm32f10x_tim.o(.text)
    TIM_TIxExternalClockConfig               0x08003c63   Thumb Code   158  stm32f10x_tim.o(.text)
    TIM_ETRConfig                            0x08003d01   Thumb Code    32  stm32f10x_tim.o(.text)
    TIM_ETRClockMode1Config                  0x08003d21   Thumb Code    40  stm32f10x_tim.o(.text)
    TIM_ETRClockMode2Config                  0x08003d49   Thumb Code    40  stm32f10x_tim.o(.text)
    TIM_PrescalerConfig                      0x08003d71   Thumb Code     6  stm32f10x_tim.o(.text)
    TIM_CounterModeConfig                    0x08003d77   Thumb Code    12  stm32f10x_tim.o(.text)
    TIM_EncoderInterfaceConfig               0x08003d83   Thumb Code    60  stm32f10x_tim.o(.text)
    TIM_ForcedOC1Config                      0x08003dbf   Thumb Code    12  stm32f10x_tim.o(.text)
    TIM_ForcedOC2Config                      0x08003dcb   Thumb Code    20  stm32f10x_tim.o(.text)
    TIM_ForcedOC3Config                      0x08003ddf   Thumb Code    12  stm32f10x_tim.o(.text)
    TIM_ForcedOC4Config                      0x08003deb   Thumb Code    20  stm32f10x_tim.o(.text)
    TIM_ARRPreloadConfig                     0x08003dff   Thumb Code    18  stm32f10x_tim.o(.text)
    TIM_SelectCOM                            0x08003e11   Thumb Code    18  stm32f10x_tim.o(.text)
    TIM_SelectCCDMA                          0x08003e23   Thumb Code    18  stm32f10x_tim.o(.text)
    TIM_CCPreloadControl                     0x08003e35   Thumb Code    18  stm32f10x_tim.o(.text)
    TIM_OC1PreloadConfig                     0x08003e47   Thumb Code    12  stm32f10x_tim.o(.text)
    TIM_OC2PreloadConfig                     0x08003e53   Thumb Code    20  stm32f10x_tim.o(.text)
    TIM_OC3PreloadConfig                     0x08003e67   Thumb Code    12  stm32f10x_tim.o(.text)
    TIM_OC4PreloadConfig                     0x08003e73   Thumb Code    20  stm32f10x_tim.o(.text)
    TIM_OC1FastConfig                        0x08003e87   Thumb Code    12  stm32f10x_tim.o(.text)
    TIM_OC2FastConfig                        0x08003e93   Thumb Code    20  stm32f10x_tim.o(.text)
    TIM_OC3FastConfig                        0x08003ea7   Thumb Code    12  stm32f10x_tim.o(.text)
    TIM_OC4FastConfig                        0x08003eb3   Thumb Code    20  stm32f10x_tim.o(.text)
    TIM_ClearOC1Ref                          0x08003ec7   Thumb Code    12  stm32f10x_tim.o(.text)
    TIM_ClearOC2Ref                          0x08003ed3   Thumb Code    20  stm32f10x_tim.o(.text)
    TIM_ClearOC3Ref                          0x08003ee7   Thumb Code    12  stm32f10x_tim.o(.text)
    TIM_ClearOC4Ref                          0x08003ef3   Thumb Code    20  stm32f10x_tim.o(.text)
    TIM_OC1PolarityConfig                    0x08003f07   Thumb Code    12  stm32f10x_tim.o(.text)
    TIM_OC1NPolarityConfig                   0x08003f13   Thumb Code    12  stm32f10x_tim.o(.text)
    TIM_OC2PolarityConfig                    0x08003f1f   Thumb Code    20  stm32f10x_tim.o(.text)
    TIM_OC2NPolarityConfig                   0x08003f33   Thumb Code    20  stm32f10x_tim.o(.text)
    TIM_OC3PolarityConfig                    0x08003f47   Thumb Code    20  stm32f10x_tim.o(.text)
    TIM_OC3NPolarityConfig                   0x08003f5b   Thumb Code    20  stm32f10x_tim.o(.text)
    TIM_OC4PolarityConfig                    0x08003f6f   Thumb Code    20  stm32f10x_tim.o(.text)
    TIM_CCxCmd                               0x08003f83   Thumb Code    26  stm32f10x_tim.o(.text)
    TIM_CCxNCmd                              0x08003f9d   Thumb Code    26  stm32f10x_tim.o(.text)
    TIM_SelectOCxM                           0x08003fb7   Thumb Code    88  stm32f10x_tim.o(.text)
    TIM_UpdateDisableConfig                  0x0800400f   Thumb Code    18  stm32f10x_tim.o(.text)
    TIM_UpdateRequestConfig                  0x08004021   Thumb Code    18  stm32f10x_tim.o(.text)
    TIM_SelectHallSensor                     0x08004033   Thumb Code    18  stm32f10x_tim.o(.text)
    TIM_SelectOnePulseMode                   0x08004045   Thumb Code    16  stm32f10x_tim.o(.text)
    TIM_SelectOutputTrigger                  0x08004055   Thumb Code    16  stm32f10x_tim.o(.text)
    TIM_SelectSlaveMode                      0x08004065   Thumb Code    16  stm32f10x_tim.o(.text)
    TIM_SelectMasterSlaveMode                0x08004075   Thumb Code    16  stm32f10x_tim.o(.text)
    TIM_SetCounter                           0x08004085   Thumb Code     4  stm32f10x_tim.o(.text)
    TIM_SetAutoreload                        0x08004089   Thumb Code     4  stm32f10x_tim.o(.text)
    TIM_SetCompare1                          0x0800408d   Thumb Code     4  stm32f10x_tim.o(.text)
    TIM_SetCompare2                          0x08004091   Thumb Code     4  stm32f10x_tim.o(.text)
    TIM_SetCompare3                          0x08004095   Thumb Code     4  stm32f10x_tim.o(.text)
    TIM_SetCompare4                          0x08004099   Thumb Code     6  stm32f10x_tim.o(.text)
    TIM_SetClockDivision                     0x0800409f   Thumb Code    16  stm32f10x_tim.o(.text)
    TIM_GetCapture1                          0x080040af   Thumb Code     4  stm32f10x_tim.o(.text)
    TIM_GetCapture2                          0x080040b3   Thumb Code     4  stm32f10x_tim.o(.text)
    TIM_GetCapture3                          0x080040b7   Thumb Code     4  stm32f10x_tim.o(.text)
    TIM_GetCapture4                          0x080040bb   Thumb Code     6  stm32f10x_tim.o(.text)
    TIM_GetCounter                           0x080040c1   Thumb Code     4  stm32f10x_tim.o(.text)
    TIM_GetPrescaler                         0x080040c5   Thumb Code     4  stm32f10x_tim.o(.text)
    TIM_GetFlagStatus                        0x080040c9   Thumb Code    14  stm32f10x_tim.o(.text)
    TIM_ClearFlag                            0x080040d7   Thumb Code     6  stm32f10x_tim.o(.text)
    TIM_GetITStatus                          0x080040dd   Thumb Code    22  stm32f10x_tim.o(.text)
    TIM_ClearITPendingBit                    0x080040f3   Thumb Code     6  stm32f10x_tim.o(.text)
    ADC_DeInit                               0x08004181   Thumb Code    92  stm32f10x_adc.o(.text)
    ADC_Init                                 0x080041dd   Thumb Code    70  stm32f10x_adc.o(.text)
    ADC_StructInit                           0x08004223   Thumb Code    18  stm32f10x_adc.o(.text)
    ADC_Cmd                                  0x08004235   Thumb Code    18  stm32f10x_adc.o(.text)
    ADC_DMACmd                               0x08004247   Thumb Code    18  stm32f10x_adc.o(.text)
    ADC_ITConfig                             0x08004259   Thumb Code    18  stm32f10x_adc.o(.text)
    ADC_ResetCalibration                     0x0800426b   Thumb Code    10  stm32f10x_adc.o(.text)
    ADC_GetResetCalibrationStatus            0x08004275   Thumb Code    16  stm32f10x_adc.o(.text)
    ADC_StartCalibration                     0x08004285   Thumb Code    10  stm32f10x_adc.o(.text)
    ADC_GetCalibrationStatus                 0x0800428f   Thumb Code    16  stm32f10x_adc.o(.text)
    ADC_SoftwareStartConvCmd                 0x0800429f   Thumb Code    18  stm32f10x_adc.o(.text)
    ADC_GetSoftwareStartConvStatus           0x080042b1   Thumb Code    16  stm32f10x_adc.o(.text)
    ADC_DiscModeChannelCountConfig           0x080042c1   Thumb Code    16  stm32f10x_adc.o(.text)
    ADC_DiscModeCmd                          0x080042d1   Thumb Code    18  stm32f10x_adc.o(.text)
    ADC_RegularChannelConfig                 0x080042e3   Thumb Code   146  stm32f10x_adc.o(.text)
    ADC_ExternalTrigConvCmd                  0x08004375   Thumb Code    18  stm32f10x_adc.o(.text)
    ADC_GetConversionValue                   0x08004387   Thumb Code     6  stm32f10x_adc.o(.text)
    ADC_GetDualModeConversionValue           0x0800438d   Thumb Code     6  stm32f10x_adc.o(.text)
    ADC_AutoInjectedConvCmd                  0x08004393   Thumb Code    18  stm32f10x_adc.o(.text)
    ADC_InjectedDiscModeCmd                  0x080043a5   Thumb Code    18  stm32f10x_adc.o(.text)
    ADC_ExternalTrigInjectedConvConfig       0x080043b7   Thumb Code    12  stm32f10x_adc.o(.text)
    ADC_ExternalTrigInjectedConvCmd          0x080043c3   Thumb Code    18  stm32f10x_adc.o(.text)
    ADC_SoftwareStartInjectedConvCmd         0x080043d5   Thumb Code    18  stm32f10x_adc.o(.text)
    ADC_GetSoftwareStartInjectedConvCmdStatus 0x080043e7   Thumb Code    16  stm32f10x_adc.o(.text)
    ADC_InjectedChannelConfig                0x080043f7   Thumb Code    96  stm32f10x_adc.o(.text)
    ADC_InjectedSequencerLengthConfig        0x08004457   Thumb Code    16  stm32f10x_adc.o(.text)
    ADC_SetInjectedOffset                    0x08004467   Thumb Code    12  stm32f10x_adc.o(.text)
    ADC_GetInjectedConversionValue           0x08004473   Thumb Code    16  stm32f10x_adc.o(.text)
    ADC_AnalogWatchdogCmd                    0x08004483   Thumb Code    16  stm32f10x_adc.o(.text)
    ADC_AnalogWatchdogThresholdsConfig       0x08004493   Thumb Code     6  stm32f10x_adc.o(.text)
    ADC_AnalogWatchdogSingleChannelConfig    0x08004499   Thumb Code    12  stm32f10x_adc.o(.text)
    ADC_TempSensorVrefintCmd                 0x080044a5   Thumb Code    20  stm32f10x_adc.o(.text)
    ADC_GetFlagStatus                        0x080044b9   Thumb Code    14  stm32f10x_adc.o(.text)
    ADC_ClearFlag                            0x080044c7   Thumb Code     6  stm32f10x_adc.o(.text)
    ADC_GetITStatus                          0x080044cd   Thumb Code    28  stm32f10x_adc.o(.text)
    ADC_ClearITPendingBit                    0x080044e9   Thumb Code     8  stm32f10x_adc.o(.text)
    DMA_DeInit                               0x080044fd   Thumb Code   206  stm32f10x_dma.o(.text)
    DMA_Init                                 0x080045cb   Thumb Code    82  stm32f10x_dma.o(.text)
    DMA_StructInit                           0x0800461d   Thumb Code    26  stm32f10x_dma.o(.text)
    DMA_Cmd                                  0x08004637   Thumb Code    20  stm32f10x_dma.o(.text)
    DMA_ITConfig                             0x0800464b   Thumb Code    16  stm32f10x_dma.o(.text)
    DMA_SetCurrDataCounter                   0x0800465b   Thumb Code     4  stm32f10x_dma.o(.text)
    DMA_GetCurrDataCounter                   0x0800465f   Thumb Code     6  stm32f10x_dma.o(.text)
    DMA_GetFlagStatus                        0x08004665   Thumb Code    24  stm32f10x_dma.o(.text)
    DMA_ClearFlag                            0x0800467d   Thumb Code    16  stm32f10x_dma.o(.text)
    DMA_GetITStatus                          0x0800468d   Thumb Code    24  stm32f10x_dma.o(.text)
    DMA_ClearITPendingBit                    0x080046a5   Thumb Code    16  stm32f10x_dma.o(.text)
    USART_DeInit                             0x080046f1   Thumb Code   148  stm32f10x_usart.o(.text)
    USART_Init                               0x08004785   Thumb Code   174  stm32f10x_usart.o(.text)
    USART_StructInit                         0x08004833   Thumb Code    22  stm32f10x_usart.o(.text)
    USART_ClockInit                          0x08004849   Thumb Code    36  stm32f10x_usart.o(.text)
    USART_ClockStructInit                    0x0800486d   Thumb Code    12  stm32f10x_usart.o(.text)
    USART_Cmd                                0x08004879   Thumb Code    18  stm32f10x_usart.o(.text)
    USART_ITConfig                           0x0800488b   Thumb Code    48  stm32f10x_usart.o(.text)
    USART_DMACmd                             0x080048bb   Thumb Code    16  stm32f10x_usart.o(.text)
    USART_SetAddress                         0x080048cb   Thumb Code    16  stm32f10x_usart.o(.text)
    USART_WakeUpConfig                       0x080048db   Thumb Code    16  stm32f10x_usart.o(.text)
    USART_ReceiverWakeUpCmd                  0x080048eb   Thumb Code    18  stm32f10x_usart.o(.text)
    USART_LINBreakDetectLengthConfig         0x080048fd   Thumb Code    16  stm32f10x_usart.o(.text)
    USART_LINCmd                             0x0800490d   Thumb Code    18  stm32f10x_usart.o(.text)
    USART_SendData                           0x0800491f   Thumb Code     8  stm32f10x_usart.o(.text)
    USART_ReceiveData                        0x08004927   Thumb Code     8  stm32f10x_usart.o(.text)
    USART_SendBreak                          0x0800492f   Thumb Code    10  stm32f10x_usart.o(.text)
    USART_SetGuardTime                       0x08004939   Thumb Code    16  stm32f10x_usart.o(.text)
    USART_SetPrescaler                       0x08004949   Thumb Code    16  stm32f10x_usart.o(.text)
    USART_SmartCardCmd                       0x08004959   Thumb Code    18  stm32f10x_usart.o(.text)
    USART_SmartCardNACKCmd                   0x0800496b   Thumb Code    18  stm32f10x_usart.o(.text)
    USART_HalfDuplexCmd                      0x0800497d   Thumb Code    18  stm32f10x_usart.o(.text)
    USART_OverSampling8Cmd                   0x0800498f   Thumb Code    18  stm32f10x_usart.o(.text)
    USART_OneBitMethodCmd                    0x080049a1   Thumb Code    18  stm32f10x_usart.o(.text)
    USART_IrDAConfig                         0x080049b3   Thumb Code    16  stm32f10x_usart.o(.text)
    USART_IrDACmd                            0x080049c3   Thumb Code    18  stm32f10x_usart.o(.text)
    USART_GetFlagStatus                      0x080049d5   Thumb Code    14  stm32f10x_usart.o(.text)
    USART_ClearFlag                          0x080049e3   Thumb Code     6  stm32f10x_usart.o(.text)
    USART_GetITStatus                        0x080049e9   Thumb Code    76  stm32f10x_usart.o(.text)
    USART_ClearITPendingBit                  0x08004a35   Thumb Code    14  stm32f10x_usart.o(.text)
    But_Check_State_Task                     0x08004a49   Thumb Code   100  main.o(.text)
    But_Task                                 0x08004aad   Thumb Code    24  main.o(.text)
    main                                     0x08004ac5   Thumb Code   162  main.o(.text)
    Led_Blink_50ms                           0x08004b67   Thumb Code    20  main.o(.text)
    Led_Blink_100ms                          0x08004b7b   Thumb Code    14  main.o(.text)
    Led_Blink_200ms                          0x08004b89   Thumb Code    14  main.o(.text)
    Led_Blink_500ms                          0x08004b97   Thumb Code    16  main.o(.text)
    Uart_Recie_Cmd                           0x08004ba7   Thumb Code    84  main.o(.text)
    USART1_IRQHandler                        0x08004bfb   Thumb Code    72  main.o(.text)
    Uart_Cont_Trans_Text                     0x08004c43   Thumb Code    18  main.o(.text)
    Uart_Adc_Trans_Value                     0x08004c55   Thumb Code    30  main.o(.text)
    __aeabi_memcpy                           0x08004cf5   Thumb Code    36  memcpya.o(.text)
    __aeabi_memcpy4                          0x08004cf5   Thumb Code     0  memcpya.o(.text)
    __aeabi_memcpy8                          0x08004cf5   Thumb Code     0  memcpya.o(.text)
    strlen                                   0x08004d19   Thumb Code    14  strlen.o(.text)
    calloc                                   0x08004d27   Thumb Code    28  calloc.o(.text)
    __aeabi_dadd                             0x08004d43   Thumb Code   322  dadd.o(.text)
    __aeabi_dsub                             0x08004e85   Thumb Code     6  dadd.o(.text)
    __aeabi_drsub                            0x08004e8b   Thumb Code     6  dadd.o(.text)
    __aeabi_dmul                             0x08004e91   Thumb Code   228  dmul.o(.text)
    __aeabi_ddiv                             0x08004f75   Thumb Code   222  ddiv.o(.text)
    __ARM_scalbn                             0x08005053   Thumb Code    46  dscalb.o(.text)
    scalbn                                   0x08005053   Thumb Code     0  dscalb.o(.text)
    __aeabi_i2d                              0x08005081   Thumb Code    34  dflti.o(.text)
    __aeabi_ui2d                             0x080050a3   Thumb Code    26  dfltui.o(.text)
    __aeabi_d2uiz                            0x080050bd   Thumb Code    50  dfixui.o(.text)
    __aeabi_uidiv                            0x080050ef   Thumb Code     0  uidiv.o(.text)
    __aeabi_uidivmod                         0x080050ef   Thumb Code    44  uidiv.o(.text)
    __aeabi_uldivmod                         0x0800511b   Thumb Code    98  uldiv.o(.text)
    __aeabi_llsl                             0x0800517d   Thumb Code    30  llshl.o(.text)
    _ll_shift_l                              0x0800517d   Thumb Code     0  llshl.o(.text)
    __aeabi_llsr                             0x0800519b   Thumb Code    32  llushr.o(.text)
    _ll_ushift_r                             0x0800519b   Thumb Code     0  llushr.o(.text)
    __aeabi_lasr                             0x080051bb   Thumb Code    36  llsshr.o(.text)
    _ll_sshift_r                             0x080051bb   Thumb Code     0  llsshr.o(.text)
    __I$use$fp                               0x080051df   Thumb Code     0  iusefp.o(.text)
    _double_round                            0x080051df   Thumb Code    30  depilogue.o(.text)
    _double_epilogue                         0x080051fd   Thumb Code   156  depilogue.o(.text)
    __aeabi_d2ulz                            0x08005299   Thumb Code    48  dfixul.o(.text)
    __aeabi_cdrcmple                         0x080052c9   Thumb Code    48  cdrcmple.o(.text)
    __scatterload                            0x080052f9   Thumb Code    28  init.o(.text)
    __scatterload_rt2                        0x080052f9   Thumb Code     0  init.o(.text)
    __0printf                                0x0800531d   Thumb Code    22  printfa.o(i.__0printf)
    __1printf                                0x0800531d   Thumb Code     0  printfa.o(i.__0printf)
    __2printf                                0x0800531d   Thumb Code     0  printfa.o(i.__0printf)
    __c89printf                              0x0800531d   Thumb Code     0  printfa.o(i.__0printf)
    printf                                   0x0800531d   Thumb Code     0  printfa.o(i.__0printf)
    __scatterload_copy                       0x0800533d   Thumb Code    14  handlers.o(i.__scatterload_copy)
    __scatterload_null                       0x0800534b   Thumb Code     2  handlers.o(i.__scatterload_null)
    __scatterload_zeroinit                   0x0800534d   Thumb Code    14  handlers.o(i.__scatterload_zeroinit)
    free                                     0x08005bf1   Thumb Code    76  malloc.o(i.free)
    malloc                                   0x08005c41   Thumb Code    92  malloc.o(i.malloc)
    Region$$Table$$Base                      0x08005cac   Number         0  anon$$obj.o(Region$$Table)
    Region$$Table$$Limit                     0x08005ccc   Number         0  anon$$obj.o(Region$$Table)
    pxCurrentTCB                             0x20000000   Data           4  tasks.o(.data)
    Toggle                                   0x20000068   Data           4  ames_led.o(.data)
    TimerPeriod                              0x2000006c   Data           4  ames_pwm.o(.data)
    PrescaleValue                            0x20000070   Data           4  ames_pwm.o(.data)
    ADC_Value                                0x20000088   Data           8  ames_acs712.o(.data)
    Command                                  0x20000094   Data           4  ames_usart.o(.data)
    Index                                    0x20000098   Data           4  ames_usart.o(.data)
    EndCmd                                   0x2000009c   Data           4  ames_usart.o(.data)
    SystemCoreClock                          0x200000a0   Data           4  system_stm32f10x.o(.data)
    AHBPrescTable                            0x200000a4   Data          16  system_stm32f10x.o(.data)
    USART_Queue                              0x200000cc   Data           4  main.o(.data)
    USART1_Semaphore                         0x200000d0   Data           4  main.o(.data)
    __stdout                                 0x200000d4   Data           4  stdout.o(.data)
    __microlib_freelist                      0x200000d8   Data           4  mvars.o(.data)
    __microlib_freelist_initialised          0x200000dc   Data           4  mvars.o(.data)
    __heap_base                              0x200051d0   Data           0  startup_stm32f10x_cl.o(HEAP)
    __heap_limit                             0x200053d0   Data           0  startup_stm32f10x_cl.o(HEAP)
    __initial_sp                             0x200057d0   Data           0  startup_stm32f10x_cl.o(STACK)



==============================================================================

Memory Map of the image

  Image Entry point : 0x08000151

  Load Region LR_IROM1 (Base: 0x08000000, Size: 0x00005dac, Max: 0x00040000, ABSOLUTE)

    Execution Region ER_IROM1 (Base: 0x08000000, Size: 0x00005ccc, Max: 0x00040000, ABSOLUTE)

    Base Addr    Size         Type   Attr      Idx    E Section Name        Object

    0x08000000   0x00000150   Data   RO          382    RESET               startup_stm32f10x_cl.o
    0x08000150   0x00000000   Code   RO          516  * .ARM.Collect$$$$00000000  mc_w.l(entry.o)
    0x08000150   0x00000004   Code   RO          830    .ARM.Collect$$$$00000001  mc_w.l(entry2.o)
    0x08000154   0x00000004   Code   RO          833    .ARM.Collect$$$$00000004  mc_w.l(entry5.o)
    0x08000158   0x00000000   Code   RO          835    .ARM.Collect$$$$00000008  mc_w.l(entry7b.o)
    0x08000158   0x00000000   Code   RO          837    .ARM.Collect$$$$0000000A  mc_w.l(entry8b.o)
    0x08000158   0x00000008   Code   RO          838    .ARM.Collect$$$$0000000B  mc_w.l(entry9a.o)
    0x08000160   0x00000000   Code   RO          840    .ARM.Collect$$$$0000000D  mc_w.l(entry10a.o)
    0x08000160   0x00000000   Code   RO          842    .ARM.Collect$$$$0000000F  mc_w.l(entry11a.o)
    0x08000160   0x00000004   Code   RO          831    .ARM.Collect$$$$00002712  mc_w.l(entry2.o)
    0x08000164   0x000000a2   Code   RO          109    .emb_text           port.o
    0x08000206   0x00000002   PAD
    0x08000208   0x00000092   Code   RO            1    .text               list.o
    0x0800029a   0x00000842   Code   RO           48    .text               queue.o
    0x08000adc   0x00000da8   Code   RO           70    .text               tasks.o
    0x08001884   0x00000460   Code   RO           93    .text               timers.o
    0x08001ce4   0x000000cc   Code   RO          110    .text               port.o
    0x08001db0   0x00000108   Code   RO          135    .text               heap_2.o
    0x08001eb8   0x00000148   Code   RO          150    .text               ames_led.o
    0x08002000   0x000000ac   Code   RO          252    .text               ames_rcc72mhz.o
    0x080020ac   0x0000016c   Code   RO          271    .text               ames_button.o
    0x08002218   0x000001c4   Code   RO          289    .text               ames_pwm.o
    0x080023dc   0x000002f0   Code   RO          311    .text               ames_acs712.o
    0x080026cc   0x0000031c   Code   RO          333    .text               ames_usart.o
    0x080029e8   0x000001b8   Code   RO          362    .text               system_stm32f10x.o
    0x08002ba0   0x00000024   Code   RO          383    .text               startup_stm32f10x_cl.o
    0x08002bc4   0x000000c4   Code   RO          387    .text               misc.o
    0x08002c88   0x000002a8   Code   RO          399    .text               stm32f10x_gpio.o
    0x08002f30   0x00000388   Code   RO          411    .text               stm32f10x_rcc.o
    0x080032b8   0x00000100   Code   RO          426    .text               stm32f10x_exti.o
    0x080033b8   0x00000dc8   Code   RO          438    .text               stm32f10x_tim.o
    0x08004180   0x0000037c   Code   RO          451    .text               stm32f10x_adc.o
    0x080044fc   0x000001f4   Code   RO          463    .text               stm32f10x_dma.o
    0x080046f0   0x00000358   Code   RO          475    .text               stm32f10x_usart.o
    0x08004a48   0x000002ac   Code   RO          487    .text               main.o
    0x08004cf4   0x00000024   Code   RO          519    .text               mc_w.l(memcpya.o)
    0x08004d18   0x0000000e   Code   RO          521    .text               mc_w.l(strlen.o)
    0x08004d26   0x0000001c   Code   RO          814    .text               mc_w.l(calloc.o)
    0x08004d42   0x0000014e   Code   RO          816    .text               mf_w.l(dadd.o)
    0x08004e90   0x000000e4   Code   RO          818    .text               mf_w.l(dmul.o)
    0x08004f74   0x000000de   Code   RO          820    .text               mf_w.l(ddiv.o)
    0x08005052   0x0000002e   Code   RO          822    .text               mf_w.l(dscalb.o)
    0x08005080   0x00000022   Code   RO          824    .text               mf_w.l(dflti.o)
    0x080050a2   0x0000001a   Code   RO          826    .text               mf_w.l(dfltui.o)
    0x080050bc   0x00000032   Code   RO          828    .text               mf_w.l(dfixui.o)
    0x080050ee   0x0000002c   Code   RO          845    .text               mc_w.l(uidiv.o)
    0x0800511a   0x00000062   Code   RO          847    .text               mc_w.l(uldiv.o)
    0x0800517c   0x0000001e   Code   RO          849    .text               mc_w.l(llshl.o)
    0x0800519a   0x00000020   Code   RO          851    .text               mc_w.l(llushr.o)
    0x080051ba   0x00000024   Code   RO          853    .text               mc_w.l(llsshr.o)
    0x080051de   0x00000000   Code   RO          857    .text               mc_w.l(iusefp.o)
    0x080051de   0x000000ba   Code   RO          858    .text               mf_w.l(depilogue.o)
    0x08005298   0x00000030   Code   RO          860    .text               mf_w.l(dfixul.o)
    0x080052c8   0x00000030   Code   RO          862    .text               mf_w.l(cdrcmple.o)
    0x080052f8   0x00000024   Code   RO          864    .text               mc_w.l(init.o)
    0x0800531c   0x00000020   Code   RO          758    i.__0printf         mc_w.l(printfa.o)
    0x0800533c   0x0000000e   Code   RO          868    i.__scatterload_copy  mc_w.l(handlers.o)
    0x0800534a   0x00000002   Code   RO          869    i.__scatterload_null  mc_w.l(handlers.o)
    0x0800534c   0x0000000e   Code   RO          870    i.__scatterload_zeroinit  mc_w.l(handlers.o)
    0x0800535a   0x00000002   PAD
    0x0800535c   0x00000164   Code   RO          765    i._fp_digits        mc_w.l(printfa.o)
    0x080054c0   0x000006dc   Code   RO          766    i._printf_core      mc_w.l(printfa.o)
    0x08005b9c   0x00000024   Code   RO          767    i._printf_post_padding  mc_w.l(printfa.o)
    0x08005bc0   0x0000002e   Code   RO          768    i._printf_pre_padding  mc_w.l(printfa.o)
    0x08005bee   0x00000002   PAD
    0x08005bf0   0x00000050   Code   RO          786    i.free              mc_w.l(malloc.o)
    0x08005c40   0x0000006c   Code   RO          787    i.malloc            mc_w.l(malloc.o)
    0x08005cac   0x00000020   Data   RO          866    Region$$Table       anon$$obj.o


    Execution Region RW_IRAM1 (Base: 0x20000000, Size: 0x000057d0, Max: 0x00010000, ABSOLUTE)

    Base Addr    Size         Type   Attr      Idx    E Section Name        Object

    0x20000000   0x00000038   Data   RW           72    .data               tasks.o
    0x20000038   0x00000014   Data   RW           95    .data               timers.o
    0x2000004c   0x00000004   Data   RW          111    .data               port.o
    0x20000050   0x00000018   Data   RW          137    .data               heap_2.o
    0x20000068   0x00000004   Data   RW          151    .data               ames_led.o
    0x2000006c   0x00000008   Data   RW          290    .data               ames_pwm.o
    0x20000074   0x00000004   PAD
    0x20000078   0x00000018   Data   RW          315    .data               ames_acs712.o
    0x20000090   0x00000010   Data   RW          334    .data               ames_usart.o
    0x200000a0   0x00000014   Data   RW          363    .data               system_stm32f10x.o
    0x200000b4   0x00000014   Data   RW          412    .data               stm32f10x_rcc.o
    0x200000c8   0x0000000c   Data   RW          488    .data               main.o
    0x200000d4   0x00000004   Data   RW          844    .data               mc_w.l(stdout.o)
    0x200000d8   0x00000004   Data   RW          855    .data               mc_w.l(mvars.o)
    0x200000dc   0x00000004   Data   RW          856    .data               mc_w.l(mvars.o)
    0x200000e0   0x000000c8   Zero   RW           71    .bss                tasks.o
    0x200001a8   0x00000028   Zero   RW           94    .bss                timers.o
    0x200001d0   0x00005000   Zero   RW          136    .bss                heap_2.o
    0x200051d0   0x00000200   Zero   RW          381    HEAP                startup_stm32f10x_cl.o
    0x200053d0   0x00000400   Zero   RW          380    STACK               startup_stm32f10x_cl.o


==============================================================================

Image component sizes


      Code (inc. data)   RO Data    RW Data    ZI Data      Debug   Object Name

       752         44          0         24          0       2591   ames_acs712.o
       364          8          0          0          0       4581   ames_button.o
       328         38          0          4          0     293052   ames_led.o
       452         16          0          8          0       3655   ames_pwm.o
       172          8          0          0          0      15825   ames_rcc72mhz.o
       796         26          0         16          0       4058   ames_usart.o
       264         12          0         24      20480       3144   heap_2.o
       146          0          0          0          0      13246   list.o
       684        130          0         12          0       3657   main.o
       196         14          0          0          0       1901   misc.o
       366         32          0          4          0       4437   port.o
      2114          0          0          0          0      16945   queue.o
        36          8        336          0       1536        888   startup_stm32f10x_cl.o
       892         12          0          0          0      10705   stm32f10x_adc.o
       500         60          0          0          0       4530   stm32f10x_dma.o
       256         20          0          0          0       2359   stm32f10x_exti.o
       680          8          0          0          0       5949   stm32f10x_gpio.o
       904         50          0         20          0      11216   stm32f10x_rcc.o
      3528         32          0          0          0      24430   stm32f10x_tim.o
       856          6          0          0          0       8336   stm32f10x_usart.o
       440         38          0         20          0       2247   system_stm32f10x.o
      3496        100          0         56        200      20920   tasks.o
      1120         38          0         20         40       8222   timers.o

    ----------------------------------------------------------------------
     19344        700        368        212      22256     466894   Object Totals
         0          0         32          0          0          0   (incl. Generated)
         2          0          0          4          0          0   (incl. Padding)

    ----------------------------------------------------------------------

      Code (inc. data)   RO Data    RW Data    ZI Data      Debug   Library Member Name

        28          0          0          0          0         76   calloc.o
         0          0          0          0          0          0   entry.o
         0          0          0          0          0          0   entry10a.o
         0          0          0          0          0          0   entry11a.o
         8          4          0          0          0          0   entry2.o
         4          0          0          0          0          0   entry5.o
         0          0          0          0          0          0   entry7b.o
         0          0          0          0          0          0   entry8b.o
         8          4          0          0          0          0   entry9a.o
        30          0          0          0          0          0   handlers.o
        36          8          0          0          0         68   init.o
         0          0          0          0          0          0   iusefp.o
        30          0          0          0          0         68   llshl.o
        36          0          0          0          0         68   llsshr.o
        32          0          0          0          0         68   llushr.o
       188         20          0          0          0        160   malloc.o
        36          0          0          0          0         68   memcpya.o
         0          0          0          8          0          0   mvars.o
      2226         90          0          0          0        444   printfa.o
         0          0          0          4          0          0   stdout.o
        14          0          0          0          0         68   strlen.o
        44          0          0          0          0         80   uidiv.o
        98          0          0          0          0         92   uldiv.o
        48          0          0          0          0         68   cdrcmple.o
       334          0          0          0          0        148   dadd.o
       222          0          0          0          0        100   ddiv.o
       186          0          0          0          0        176   depilogue.o
        50          0          0          0          0         76   dfixui.o
        48          0          0          0          0         68   dfixul.o
        34          0          0          0          0         76   dflti.o
        26          0          0          0          0         76   dfltui.o
       228          0          0          0          0         96   dmul.o
        46          0          0          0          0         80   dscalb.o

    ----------------------------------------------------------------------
      4044        126          0         12          0       2224   Library Totals
         4          0          0          0          0          0   (incl. Padding)

    ----------------------------------------------------------------------

      Code (inc. data)   RO Data    RW Data    ZI Data      Debug   Library Name

      2818        126          0         12          0       1260   mc_w.l
      1222          0          0          0          0        964   mf_w.l

    ----------------------------------------------------------------------
      4044        126          0         12          0       2224   Library Totals

    ----------------------------------------------------------------------

==============================================================================


      Code (inc. data)   RO Data    RW Data    ZI Data      Debug   

     23388        826        368        224      22256     464850   Grand Totals
     23388        826        368        224      22256     464850   ELF Image Totals
     23388        826        368        224          0          0   ROM Totals

==============================================================================

    Total RO  Size (Code + RO Data)                23756 (  23.20kB)
    Total RW  Size (RW Data + ZI Data)             22480 (  21.95kB)
    Total ROM Size (Code + RO Data + RW Data)      23980 (  23.42kB)

==============================================================================

