<html>
<body>
<pre>
<h1>µVision Build Log</h1>
<h2>Tool Versions:</h2>
IDE-Version: µVision V5.15
Copyright (C) 2015 ARM Ltd and ARM Germany GmbH. All rights reserved.
License Information: Long Luu, HOME, LIC=----
 
Tool Versions:
Toolchain:       MDK-Lite  Version: 5.15.0
Toolchain Path:  C:\Keil_v5\ARM\ARMCC\Bin
C Compiler:      Armcc.exe V5.05 update 2 (build 169)
Assembler:       Armasm.exe V5.05 update 2 (build 169)
Linker/Locator:  ArmLink.exe V5.05 update 2 (build 169)
Library Manager: ArmAr.exe V5.05 update 2 (build 169)
Hex Converter:   FromElf.exe V5.05 update 2 (build 169)
CPU DLL:         SARMCM3.DLL V5.15.0
Dialog DLL:      DCM.DLL V1.13.2.0
Target DLL:      STLink\ST-LINKIII-KEIL_SWO.dll V2.0.15.0_KEIL
Dialog DLL:      TCM.DLL V1.14.5.0
 
<h2>Project:</h2>
D:\HpData2\PROJECT\KeilC_STM32\Prac1\Prac1.uvprojx
Project File Date:  08/16/2015

<h2>Output:</h2>
*** Using Compiler 'V5.05 update 2 (build 169)', folder: 'C:\Keil_v5\ARM\ARMCC\Bin'
Rebuild target 'Prac1'
compiling list.c...
compiling queue.c...
compiling tasks.c...
compiling timers.c...
compiling port.c...
compiling heap_2.c...
compiling AMES_LED.c...
compiling AMES_RCC72MHZ.c...
compiling AMES_BUTTON.c...
..\System\BoardSupport\AMES_BUTTON.c(109): warning:  #188-D: enumerated type mixed with another type
        return st;
..\System\BoardSupport\AMES_BUTTON.c(110): warning:  #1-D: last line of file ends without a newline
  }
..\System\BoardSupport\AMES_BUTTON.c(71): warning:  #550-D: variable "PressFlag" was set but never used
        uint8_t PressFlag = 0;
..\System\BoardSupport\AMES_BUTTON.c: 3 warnings, 0 errors
compiling AMES_PWM.c...
compiling AMES_ACS712.c...
compiling AMES_USART.c...
compiling core_cm3.c...
compiling system_stm32f10x.c...
assembling startup_stm32f10x_cl.s...
compiling misc.c...
compiling stm32f10x_gpio.c...
compiling stm32f10x_rcc.c...
compiling stm32f10x_exti.c...
compiling stm32f10x_tim.c...
compiling stm32f10x_adc.c...
compiling stm32f10x_dma.c...
compiling stm32f10x_usart.c...
compiling main.c...
Users\main.c(224): warning:  #1-D: last line of file ends without a newline
  }
Users\main.c: 1 warning, 0 errors
linking...
Program Size: Code=23388 RO-data=368 RW-data=224 ZI-data=22256  
FromELF: creating hex file...
".\Objects\Prac1.axf" - 0 Error(s), 4 Warning(s).

<h2>Collection of Component include folders:</h2>
  D:\HpData2\PROJECT\KeilC_STM32\Prac1\RTE
  C:\Keil_v5\ARM\PACK\Keil\STM32F1xx_DFP\1.1.0\Device\Include

<h2>Collection of Component Files used:</h2>
</pre>
</body>
</html>
